
 /----------------------------------------------------------------------------\
 |                                                                            |
 |  yosys -- Yosys Open SYnthesis Suite                                       |
 |                                                                            |
 |  Copyright (C) 2012 - 2020  Claire Xenia Wolf <claire@yosyshq.com>         |
 |                                                                            |
 |  Permission to use, copy, modify, and/or distribute this software for any  |
 |  purpose with or without fee is hereby granted, provided that the above    |
 |  copyright notice and this permission notice appear in all copies.         |
 |                                                                            |
 |  THE SOFTWARE IS PROVIDED "AS IS" AND THE AUTHOR DISCLAIMS ALL WARRANTIES  |
 |  WITH REGARD TO THIS SOFTWARE INCLUDING ALL IMPLIED WARRANTIES OF          |
 |  MERCHANTABILITY AND FITNESS. IN NO EVENT SHALL THE AUTHOR BE LIABLE FOR   |
 |  ANY SPECIAL, DIRECT, INDIRECT, OR CONSEQUENTIAL DAMAGES OR ANY DAMAGES    |
 |  WHATSOEVER RESULTING FROM LOSS OF USE, DATA OR PROFITS, WHETHER IN AN     |
 |  ACTION OF CONTRACT, NEGLIGENCE OR OTHER TORTIOUS ACTION, ARISING OUT OF   |
 |  OR IN CONNECTION WITH THE USE OR PERFORMANCE OF THIS SOFTWARE.            |
 |                                                                            |
 \----------------------------------------------------------------------------/

 Yosys 0.26+1 (git sha1 b1a011138, x86_64-w64-mingw32-g++ 9.2.1 -Os)


-- Running command `read_verilog -sv ../design/module_bin_to_hexa.sv ../design/module_encoder.sv ../design/module_error_injection.sv ../design/module_top.sv ; synth_gowin -top module_top -json Encoder_prueba_completo.json' --

1. Executing Verilog-2005 frontend: ../design/module_bin_to_hexa.sv
Parsing SystemVerilog input from `../design/module_bin_to_hexa.sv' to AST representation.
Generating RTLIL representation for module `\module_bin_to_hexa'.
Successfully finished Verilog frontend.

2. Executing Verilog-2005 frontend: ../design/module_encoder.sv
Parsing SystemVerilog input from `../design/module_encoder.sv' to AST representation.
Generating RTLIL representation for module `\module_encoder'.
Successfully finished Verilog frontend.

3. Executing Verilog-2005 frontend: ../design/module_error_injection.sv
Parsing SystemVerilog input from `../design/module_error_injection.sv' to AST representation.
Generating RTLIL representation for module `\module_error_injection'.
Successfully finished Verilog frontend.

4. Executing Verilog-2005 frontend: ../design/module_top.sv
Parsing SystemVerilog input from `../design/module_top.sv' to AST representation.
Generating RTLIL representation for module `\module_top'.
Successfully finished Verilog frontend.

5. Executing SYNTH_GOWIN pass.

5.1. Executing Verilog-2005 frontend: c:\Users\Daniel\DOWNLO~1\OSS-CA~1\bin\../share/yosys/gowin/cells_sim.v
Parsing Verilog input from `c:\Users\Daniel\DOWNLO~1\OSS-CA~1\bin\../share/yosys/gowin/cells_sim.v' to AST representation.
Generating RTLIL representation for module `\LUT1'.
Generating RTLIL representation for module `\LUT2'.
Generating RTLIL representation for module `\LUT3'.
Generating RTLIL representation for module `\LUT4'.
Generating RTLIL representation for module `\__APICULA_LUT5'.
Generating RTLIL representation for module `\__APICULA_LUT6'.
Generating RTLIL representation for module `\__APICULA_LUT7'.
Generating RTLIL representation for module `\__APICULA_LUT8'.
Generating RTLIL representation for module `\MUX2'.
Generating RTLIL representation for module `\MUX2_LUT5'.
Generating RTLIL representation for module `\MUX2_LUT6'.
Generating RTLIL representation for module `\MUX2_LUT7'.
Generating RTLIL representation for module `\MUX2_LUT8'.
Generating RTLIL representation for module `\DFF'.
Generating RTLIL representation for module `\DFFE'.
Generating RTLIL representation for module `\DFFS'.
Generating RTLIL representation for module `\DFFSE'.
Generating RTLIL representation for module `\DFFR'.
Generating RTLIL representation for module `\DFFRE'.
Generating RTLIL representation for module `\DFFP'.
Generating RTLIL representation for module `\DFFPE'.
Generating RTLIL representation for module `\DFFC'.
Generating RTLIL representation for module `\DFFCE'.
Generating RTLIL representation for module `\DFFN'.
Generating RTLIL representation for module `\DFFNE'.
Generating RTLIL representation for module `\DFFNS'.
Generating RTLIL representation for module `\DFFNSE'.
Generating RTLIL representation for module `\DFFNR'.
Generating RTLIL representation for module `\DFFNRE'.
Generating RTLIL representation for module `\DFFNP'.
Generating RTLIL representation for module `\DFFNPE'.
Generating RTLIL representation for module `\DFFNC'.
Generating RTLIL representation for module `\DFFNCE'.
Generating RTLIL representation for module `\VCC'.
Generating RTLIL representation for module `\GND'.
Generating RTLIL representation for module `\IBUF'.
Generating RTLIL representation for module `\OBUF'.
Generating RTLIL representation for module `\TBUF'.
Generating RTLIL representation for module `\IOBUF'.
Generating RTLIL representation for module `\TLVDS_OBUF'.
Generating RTLIL representation for module `\ODDR'.
Generating RTLIL representation for module `\ODDRC'.
Generating RTLIL representation for module `\GSR'.
Generating RTLIL representation for module `\ALU'.
Generating RTLIL representation for module `\RAM16S1'.
Generating RTLIL representation for module `\RAM16S2'.
Generating RTLIL representation for module `\RAM16S4'.
Generating RTLIL representation for module `\RAM16SDP1'.
Generating RTLIL representation for module `\RAM16SDP2'.
Generating RTLIL representation for module `\RAM16SDP4'.
Generating RTLIL representation for module `\SP'.
Generating RTLIL representation for module `\SPX9'.
Generating RTLIL representation for module `\SDP'.
Generating RTLIL representation for module `\SDPX9'.
Generating RTLIL representation for module `\DP'.
Generating RTLIL representation for module `\DPX9'.
Generating RTLIL representation for module `\rPLL'.
Generating RTLIL representation for module `\PLLVR'.
Generating RTLIL representation for module `\OSC'.
Generating RTLIL representation for module `\OSCZ'.
Generating RTLIL representation for module `\OSCF'.
Generating RTLIL representation for module `\OSCH'.
Successfully finished Verilog frontend.

5.2. Executing HIERARCHY pass (managing design hierarchy).

5.2.1. Analyzing design hierarchy..
Top module:  \module_top
Used module:     \module_bin_to_hexa
Used module:     \module_error_injection
Used module:     \module_encoder

5.2.2. Analyzing design hierarchy..
Top module:  \module_top
Used module:     \module_bin_to_hexa
Used module:     \module_error_injection
Used module:     \module_encoder
Removed 0 unused modules.

5.3. Executing PROC pass (convert processes to netlists).

5.3.1. Executing PROC_CLEAN pass (remove empty switches from decision trees).
Found and cleaned up 1 empty switch in `\ALU.$proc$c:\Users\Daniel\DOWNLO~1\OSS-CA~1\bin\../share/yosys/gowin/cells_sim.v:661$282'.
Cleaned up 1 empty switch.

5.3.2. Executing PROC_RMDEAD pass (remove dead branches from decision trees).
Marked 1 switch rules as full_case in process $proc$c:\Users\Daniel\DOWNLO~1\OSS-CA~1\bin\../share/yosys/gowin/cells_sim.v:535$278 in module DFFNCE.
Marked 1 switch rules as full_case in process $proc$c:\Users\Daniel\DOWNLO~1\OSS-CA~1\bin\../share/yosys/gowin/cells_sim.v:515$276 in module DFFNC.
Marked 1 switch rules as full_case in process $proc$c:\Users\Daniel\DOWNLO~1\OSS-CA~1\bin\../share/yosys/gowin/cells_sim.v:496$274 in module DFFNPE.
Marked 1 switch rules as full_case in process $proc$c:\Users\Daniel\DOWNLO~1\OSS-CA~1\bin\../share/yosys/gowin/cells_sim.v:476$272 in module DFFNP.
Marked 1 switch rules as full_case in process $proc$c:\Users\Daniel\DOWNLO~1\OSS-CA~1\bin\../share/yosys/gowin/cells_sim.v:457$270 in module DFFNRE.
Marked 1 switch rules as full_case in process $proc$c:\Users\Daniel\DOWNLO~1\OSS-CA~1\bin\../share/yosys/gowin/cells_sim.v:437$268 in module DFFNR.
Marked 1 switch rules as full_case in process $proc$c:\Users\Daniel\DOWNLO~1\OSS-CA~1\bin\../share/yosys/gowin/cells_sim.v:418$266 in module DFFNSE.
Marked 1 switch rules as full_case in process $proc$c:\Users\Daniel\DOWNLO~1\OSS-CA~1\bin\../share/yosys/gowin/cells_sim.v:398$264 in module DFFNS.
Marked 1 switch rules as full_case in process $proc$c:\Users\Daniel\DOWNLO~1\OSS-CA~1\bin\../share/yosys/gowin/cells_sim.v:348$258 in module DFFCE.
Marked 1 switch rules as full_case in process $proc$c:\Users\Daniel\DOWNLO~1\OSS-CA~1\bin\../share/yosys/gowin/cells_sim.v:328$256 in module DFFC.
Marked 1 switch rules as full_case in process $proc$c:\Users\Daniel\DOWNLO~1\OSS-CA~1\bin\../share/yosys/gowin/cells_sim.v:309$254 in module DFFPE.
Marked 1 switch rules as full_case in process $proc$c:\Users\Daniel\DOWNLO~1\OSS-CA~1\bin\../share/yosys/gowin/cells_sim.v:289$252 in module DFFP.
Marked 1 switch rules as full_case in process $proc$c:\Users\Daniel\DOWNLO~1\OSS-CA~1\bin\../share/yosys/gowin/cells_sim.v:270$250 in module DFFRE.
Marked 1 switch rules as full_case in process $proc$c:\Users\Daniel\DOWNLO~1\OSS-CA~1\bin\../share/yosys/gowin/cells_sim.v:250$248 in module DFFR.
Marked 1 switch rules as full_case in process $proc$c:\Users\Daniel\DOWNLO~1\OSS-CA~1\bin\../share/yosys/gowin/cells_sim.v:231$246 in module DFFSE.
Marked 1 switch rules as full_case in process $proc$c:\Users\Daniel\DOWNLO~1\OSS-CA~1\bin\../share/yosys/gowin/cells_sim.v:211$244 in module DFFS.
Marked 1 switch rules as full_case in process $proc$../design/module_error_injection.sv:7$39 in module module_error_injection.
Removed a total of 0 dead cases.

5.3.3. Executing PROC_PRUNE pass (remove redundant assignments in processes).
Removed 8 redundant assignments.
Promoted 27 assignments to connections.

5.3.4. Executing PROC_INIT pass (extract init attributes).
Found init rule in `\DFFNCE.$proc$c:\Users\Daniel\DOWNLO~1\OSS-CA~1\bin\../share/yosys/gowin/cells_sim.v:0$279'.
  Set init value: \Q = 1'0
Found init rule in `\DFFNC.$proc$c:\Users\Daniel\DOWNLO~1\OSS-CA~1\bin\../share/yosys/gowin/cells_sim.v:0$277'.
  Set init value: \Q = 1'0
Found init rule in `\DFFNPE.$proc$c:\Users\Daniel\DOWNLO~1\OSS-CA~1\bin\../share/yosys/gowin/cells_sim.v:0$275'.
  Set init value: \Q = 1'1
Found init rule in `\DFFNP.$proc$c:\Users\Daniel\DOWNLO~1\OSS-CA~1\bin\../share/yosys/gowin/cells_sim.v:0$273'.
  Set init value: \Q = 1'1
Found init rule in `\DFFNRE.$proc$c:\Users\Daniel\DOWNLO~1\OSS-CA~1\bin\../share/yosys/gowin/cells_sim.v:0$271'.
  Set init value: \Q = 1'0
Found init rule in `\DFFNR.$proc$c:\Users\Daniel\DOWNLO~1\OSS-CA~1\bin\../share/yosys/gowin/cells_sim.v:0$269'.
  Set init value: \Q = 1'0
Found init rule in `\DFFNSE.$proc$c:\Users\Daniel\DOWNLO~1\OSS-CA~1\bin\../share/yosys/gowin/cells_sim.v:0$267'.
  Set init value: \Q = 1'1
Found init rule in `\DFFNS.$proc$c:\Users\Daniel\DOWNLO~1\OSS-CA~1\bin\../share/yosys/gowin/cells_sim.v:0$265'.
  Set init value: \Q = 1'1
Found init rule in `\DFFNE.$proc$c:\Users\Daniel\DOWNLO~1\OSS-CA~1\bin\../share/yosys/gowin/cells_sim.v:0$263'.
  Set init value: \Q = 1'0
Found init rule in `\DFFN.$proc$c:\Users\Daniel\DOWNLO~1\OSS-CA~1\bin\../share/yosys/gowin/cells_sim.v:0$261'.
  Set init value: \Q = 1'0
Found init rule in `\DFFCE.$proc$c:\Users\Daniel\DOWNLO~1\OSS-CA~1\bin\../share/yosys/gowin/cells_sim.v:0$259'.
  Set init value: \Q = 1'0
Found init rule in `\DFFC.$proc$c:\Users\Daniel\DOWNLO~1\OSS-CA~1\bin\../share/yosys/gowin/cells_sim.v:0$257'.
  Set init value: \Q = 1'0
Found init rule in `\DFFPE.$proc$c:\Users\Daniel\DOWNLO~1\OSS-CA~1\bin\../share/yosys/gowin/cells_sim.v:0$255'.
  Set init value: \Q = 1'1
Found init rule in `\DFFP.$proc$c:\Users\Daniel\DOWNLO~1\OSS-CA~1\bin\../share/yosys/gowin/cells_sim.v:0$253'.
  Set init value: \Q = 1'1
Found init rule in `\DFFRE.$proc$c:\Users\Daniel\DOWNLO~1\OSS-CA~1\bin\../share/yosys/gowin/cells_sim.v:0$251'.
  Set init value: \Q = 1'0
Found init rule in `\DFFR.$proc$c:\Users\Daniel\DOWNLO~1\OSS-CA~1\bin\../share/yosys/gowin/cells_sim.v:0$249'.
  Set init value: \Q = 1'0
Found init rule in `\DFFSE.$proc$c:\Users\Daniel\DOWNLO~1\OSS-CA~1\bin\../share/yosys/gowin/cells_sim.v:0$247'.
  Set init value: \Q = 1'1
Found init rule in `\DFFS.$proc$c:\Users\Daniel\DOWNLO~1\OSS-CA~1\bin\../share/yosys/gowin/cells_sim.v:0$245'.
  Set init value: \Q = 1'1
Found init rule in `\DFFE.$proc$c:\Users\Daniel\DOWNLO~1\OSS-CA~1\bin\../share/yosys/gowin/cells_sim.v:0$243'.
  Set init value: \Q = 1'0
Found init rule in `\DFF.$proc$c:\Users\Daniel\DOWNLO~1\OSS-CA~1\bin\../share/yosys/gowin/cells_sim.v:0$241'.
  Set init value: \Q = 1'0

5.3.5. Executing PROC_ARST pass (detect async resets in processes).
Found async reset \CLEAR in `\DFFNCE.$proc$c:\Users\Daniel\DOWNLO~1\OSS-CA~1\bin\../share/yosys/gowin/cells_sim.v:535$278'.
Found async reset \CLEAR in `\DFFNC.$proc$c:\Users\Daniel\DOWNLO~1\OSS-CA~1\bin\../share/yosys/gowin/cells_sim.v:515$276'.
Found async reset \PRESET in `\DFFNPE.$proc$c:\Users\Daniel\DOWNLO~1\OSS-CA~1\bin\../share/yosys/gowin/cells_sim.v:496$274'.
Found async reset \PRESET in `\DFFNP.$proc$c:\Users\Daniel\DOWNLO~1\OSS-CA~1\bin\../share/yosys/gowin/cells_sim.v:476$272'.
Found async reset \CLEAR in `\DFFCE.$proc$c:\Users\Daniel\DOWNLO~1\OSS-CA~1\bin\../share/yosys/gowin/cells_sim.v:348$258'.
Found async reset \CLEAR in `\DFFC.$proc$c:\Users\Daniel\DOWNLO~1\OSS-CA~1\bin\../share/yosys/gowin/cells_sim.v:328$256'.
Found async reset \PRESET in `\DFFPE.$proc$c:\Users\Daniel\DOWNLO~1\OSS-CA~1\bin\../share/yosys/gowin/cells_sim.v:309$254'.
Found async reset \PRESET in `\DFFP.$proc$c:\Users\Daniel\DOWNLO~1\OSS-CA~1\bin\../share/yosys/gowin/cells_sim.v:289$252'.

5.3.6. Executing PROC_ROM pass (convert switches to ROMs).
Converted 0 switches.
<suppressed ~19 debug messages>

5.3.7. Executing PROC_MUX pass (convert decision trees to multiplexers).
Creating decoders for process `\ALU.$proc$c:\Users\Daniel\DOWNLO~1\OSS-CA~1\bin\../share/yosys/gowin/cells_sim.v:661$282'.
Creating decoders for process `\DFFNCE.$proc$c:\Users\Daniel\DOWNLO~1\OSS-CA~1\bin\../share/yosys/gowin/cells_sim.v:0$279'.
Creating decoders for process `\DFFNCE.$proc$c:\Users\Daniel\DOWNLO~1\OSS-CA~1\bin\../share/yosys/gowin/cells_sim.v:535$278'.
     1/1: $0\Q[0:0]
Creating decoders for process `\DFFNC.$proc$c:\Users\Daniel\DOWNLO~1\OSS-CA~1\bin\../share/yosys/gowin/cells_sim.v:0$277'.
Creating decoders for process `\DFFNC.$proc$c:\Users\Daniel\DOWNLO~1\OSS-CA~1\bin\../share/yosys/gowin/cells_sim.v:515$276'.
     1/1: $0\Q[0:0]
Creating decoders for process `\DFFNPE.$proc$c:\Users\Daniel\DOWNLO~1\OSS-CA~1\bin\../share/yosys/gowin/cells_sim.v:0$275'.
Creating decoders for process `\DFFNPE.$proc$c:\Users\Daniel\DOWNLO~1\OSS-CA~1\bin\../share/yosys/gowin/cells_sim.v:496$274'.
     1/1: $0\Q[0:0]
Creating decoders for process `\DFFNP.$proc$c:\Users\Daniel\DOWNLO~1\OSS-CA~1\bin\../share/yosys/gowin/cells_sim.v:0$273'.
Creating decoders for process `\DFFNP.$proc$c:\Users\Daniel\DOWNLO~1\OSS-CA~1\bin\../share/yosys/gowin/cells_sim.v:476$272'.
     1/1: $0\Q[0:0]
Creating decoders for process `\DFFNRE.$proc$c:\Users\Daniel\DOWNLO~1\OSS-CA~1\bin\../share/yosys/gowin/cells_sim.v:0$271'.
Creating decoders for process `\DFFNRE.$proc$c:\Users\Daniel\DOWNLO~1\OSS-CA~1\bin\../share/yosys/gowin/cells_sim.v:457$270'.
     1/1: $0\Q[0:0]
Creating decoders for process `\DFFNR.$proc$c:\Users\Daniel\DOWNLO~1\OSS-CA~1\bin\../share/yosys/gowin/cells_sim.v:0$269'.
Creating decoders for process `\DFFNR.$proc$c:\Users\Daniel\DOWNLO~1\OSS-CA~1\bin\../share/yosys/gowin/cells_sim.v:437$268'.
     1/1: $0\Q[0:0]
Creating decoders for process `\DFFNSE.$proc$c:\Users\Daniel\DOWNLO~1\OSS-CA~1\bin\../share/yosys/gowin/cells_sim.v:0$267'.
Creating decoders for process `\DFFNSE.$proc$c:\Users\Daniel\DOWNLO~1\OSS-CA~1\bin\../share/yosys/gowin/cells_sim.v:418$266'.
     1/1: $0\Q[0:0]
Creating decoders for process `\DFFNS.$proc$c:\Users\Daniel\DOWNLO~1\OSS-CA~1\bin\../share/yosys/gowin/cells_sim.v:0$265'.
Creating decoders for process `\DFFNS.$proc$c:\Users\Daniel\DOWNLO~1\OSS-CA~1\bin\../share/yosys/gowin/cells_sim.v:398$264'.
     1/1: $0\Q[0:0]
Creating decoders for process `\DFFNE.$proc$c:\Users\Daniel\DOWNLO~1\OSS-CA~1\bin\../share/yosys/gowin/cells_sim.v:0$263'.
Creating decoders for process `\DFFNE.$proc$c:\Users\Daniel\DOWNLO~1\OSS-CA~1\bin\../share/yosys/gowin/cells_sim.v:381$262'.
     1/1: $0\Q[0:0]
Creating decoders for process `\DFFN.$proc$c:\Users\Daniel\DOWNLO~1\OSS-CA~1\bin\../share/yosys/gowin/cells_sim.v:0$261'.
Creating decoders for process `\DFFN.$proc$c:\Users\Daniel\DOWNLO~1\OSS-CA~1\bin\../share/yosys/gowin/cells_sim.v:366$260'.
Creating decoders for process `\DFFCE.$proc$c:\Users\Daniel\DOWNLO~1\OSS-CA~1\bin\../share/yosys/gowin/cells_sim.v:0$259'.
Creating decoders for process `\DFFCE.$proc$c:\Users\Daniel\DOWNLO~1\OSS-CA~1\bin\../share/yosys/gowin/cells_sim.v:348$258'.
     1/1: $0\Q[0:0]
Creating decoders for process `\DFFC.$proc$c:\Users\Daniel\DOWNLO~1\OSS-CA~1\bin\../share/yosys/gowin/cells_sim.v:0$257'.
Creating decoders for process `\DFFC.$proc$c:\Users\Daniel\DOWNLO~1\OSS-CA~1\bin\../share/yosys/gowin/cells_sim.v:328$256'.
     1/1: $0\Q[0:0]
Creating decoders for process `\DFFPE.$proc$c:\Users\Daniel\DOWNLO~1\OSS-CA~1\bin\../share/yosys/gowin/cells_sim.v:0$255'.
Creating decoders for process `\DFFPE.$proc$c:\Users\Daniel\DOWNLO~1\OSS-CA~1\bin\../share/yosys/gowin/cells_sim.v:309$254'.
     1/1: $0\Q[0:0]
Creating decoders for process `\DFFP.$proc$c:\Users\Daniel\DOWNLO~1\OSS-CA~1\bin\../share/yosys/gowin/cells_sim.v:0$253'.
Creating decoders for process `\DFFP.$proc$c:\Users\Daniel\DOWNLO~1\OSS-CA~1\bin\../share/yosys/gowin/cells_sim.v:289$252'.
     1/1: $0\Q[0:0]
Creating decoders for process `\DFFRE.$proc$c:\Users\Daniel\DOWNLO~1\OSS-CA~1\bin\../share/yosys/gowin/cells_sim.v:0$251'.
Creating decoders for process `\DFFRE.$proc$c:\Users\Daniel\DOWNLO~1\OSS-CA~1\bin\../share/yosys/gowin/cells_sim.v:270$250'.
     1/1: $0\Q[0:0]
Creating decoders for process `\DFFR.$proc$c:\Users\Daniel\DOWNLO~1\OSS-CA~1\bin\../share/yosys/gowin/cells_sim.v:0$249'.
Creating decoders for process `\DFFR.$proc$c:\Users\Daniel\DOWNLO~1\OSS-CA~1\bin\../share/yosys/gowin/cells_sim.v:250$248'.
     1/1: $0\Q[0:0]
Creating decoders for process `\DFFSE.$proc$c:\Users\Daniel\DOWNLO~1\OSS-CA~1\bin\../share/yosys/gowin/cells_sim.v:0$247'.
Creating decoders for process `\DFFSE.$proc$c:\Users\Daniel\DOWNLO~1\OSS-CA~1\bin\../share/yosys/gowin/cells_sim.v:231$246'.
     1/1: $0\Q[0:0]
Creating decoders for process `\DFFS.$proc$c:\Users\Daniel\DOWNLO~1\OSS-CA~1\bin\../share/yosys/gowin/cells_sim.v:0$245'.
Creating decoders for process `\DFFS.$proc$c:\Users\Daniel\DOWNLO~1\OSS-CA~1\bin\../share/yosys/gowin/cells_sim.v:211$244'.
     1/1: $0\Q[0:0]
Creating decoders for process `\DFFE.$proc$c:\Users\Daniel\DOWNLO~1\OSS-CA~1\bin\../share/yosys/gowin/cells_sim.v:0$243'.
Creating decoders for process `\DFFE.$proc$c:\Users\Daniel\DOWNLO~1\OSS-CA~1\bin\../share/yosys/gowin/cells_sim.v:194$242'.
     1/1: $0\Q[0:0]
Creating decoders for process `\DFF.$proc$c:\Users\Daniel\DOWNLO~1\OSS-CA~1\bin\../share/yosys/gowin/cells_sim.v:0$241'.
Creating decoders for process `\DFF.$proc$c:\Users\Daniel\DOWNLO~1\OSS-CA~1\bin\../share/yosys/gowin/cells_sim.v:179$240'.
Creating decoders for process `\module_error_injection.$proc$../design/module_error_injection.sv:7$39'.
     1/1: $1\error_injected_word[6:0]

5.3.8. Executing PROC_DLATCH pass (convert process syncs to latches).
No latch inferred for signal `\module_error_injection.\error_injected_word' from process `\module_error_injection.$proc$../design/module_error_injection.sv:7$39'.

5.3.9. Executing PROC_DFF pass (convert process syncs to FFs).
Creating register for signal `\ALU.\C' using process `\ALU.$proc$c:\Users\Daniel\DOWNLO~1\OSS-CA~1\bin\../share/yosys/gowin/cells_sim.v:661$282'.
  created direct connection (no actual register cell created).
Creating register for signal `\ALU.\S' using process `\ALU.$proc$c:\Users\Daniel\DOWNLO~1\OSS-CA~1\bin\../share/yosys/gowin/cells_sim.v:661$282'.
  created direct connection (no actual register cell created).
Creating register for signal `\DFFNCE.\Q' using process `\DFFNCE.$proc$c:\Users\Daniel\DOWNLO~1\OSS-CA~1\bin\../share/yosys/gowin/cells_sim.v:535$278'.
  created $adff cell `$procdff$379' with negative edge clock and positive level reset.
Creating register for signal `\DFFNC.\Q' using process `\DFFNC.$proc$c:\Users\Daniel\DOWNLO~1\OSS-CA~1\bin\../share/yosys/gowin/cells_sim.v:515$276'.
  created $adff cell `$procdff$380' with negative edge clock and positive level reset.
Creating register for signal `\DFFNPE.\Q' using process `\DFFNPE.$proc$c:\Users\Daniel\DOWNLO~1\OSS-CA~1\bin\../share/yosys/gowin/cells_sim.v:496$274'.
  created $adff cell `$procdff$381' with negative edge clock and positive level reset.
Creating register for signal `\DFFNP.\Q' using process `\DFFNP.$proc$c:\Users\Daniel\DOWNLO~1\OSS-CA~1\bin\../share/yosys/gowin/cells_sim.v:476$272'.
  created $adff cell `$procdff$382' with negative edge clock and positive level reset.
Creating register for signal `\DFFNRE.\Q' using process `\DFFNRE.$proc$c:\Users\Daniel\DOWNLO~1\OSS-CA~1\bin\../share/yosys/gowin/cells_sim.v:457$270'.
  created $dff cell `$procdff$383' with negative edge clock.
Creating register for signal `\DFFNR.\Q' using process `\DFFNR.$proc$c:\Users\Daniel\DOWNLO~1\OSS-CA~1\bin\../share/yosys/gowin/cells_sim.v:437$268'.
  created $dff cell `$procdff$384' with negative edge clock.
Creating register for signal `\DFFNSE.\Q' using process `\DFFNSE.$proc$c:\Users\Daniel\DOWNLO~1\OSS-CA~1\bin\../share/yosys/gowin/cells_sim.v:418$266'.
  created $dff cell `$procdff$385' with negative edge clock.
Creating register for signal `\DFFNS.\Q' using process `\DFFNS.$proc$c:\Users\Daniel\DOWNLO~1\OSS-CA~1\bin\../share/yosys/gowin/cells_sim.v:398$264'.
  created $dff cell `$procdff$386' with negative edge clock.
Creating register for signal `\DFFNE.\Q' using process `\DFFNE.$proc$c:\Users\Daniel\DOWNLO~1\OSS-CA~1\bin\../share/yosys/gowin/cells_sim.v:381$262'.
  created $dff cell `$procdff$387' with negative edge clock.
Creating register for signal `\DFFN.\Q' using process `\DFFN.$proc$c:\Users\Daniel\DOWNLO~1\OSS-CA~1\bin\../share/yosys/gowin/cells_sim.v:366$260'.
  created $dff cell `$procdff$388' with negative edge clock.
Creating register for signal `\DFFCE.\Q' using process `\DFFCE.$proc$c:\Users\Daniel\DOWNLO~1\OSS-CA~1\bin\../share/yosys/gowin/cells_sim.v:348$258'.
  created $adff cell `$procdff$389' with positive edge clock and positive level reset.
Creating register for signal `\DFFC.\Q' using process `\DFFC.$proc$c:\Users\Daniel\DOWNLO~1\OSS-CA~1\bin\../share/yosys/gowin/cells_sim.v:328$256'.
  created $adff cell `$procdff$390' with positive edge clock and positive level reset.
Creating register for signal `\DFFPE.\Q' using process `\DFFPE.$proc$c:\Users\Daniel\DOWNLO~1\OSS-CA~1\bin\../share/yosys/gowin/cells_sim.v:309$254'.
  created $adff cell `$procdff$391' with positive edge clock and positive level reset.
Creating register for signal `\DFFP.\Q' using process `\DFFP.$proc$c:\Users\Daniel\DOWNLO~1\OSS-CA~1\bin\../share/yosys/gowin/cells_sim.v:289$252'.
  created $adff cell `$procdff$392' with positive edge clock and positive level reset.
Creating register for signal `\DFFRE.\Q' using process `\DFFRE.$proc$c:\Users\Daniel\DOWNLO~1\OSS-CA~1\bin\../share/yosys/gowin/cells_sim.v:270$250'.
  created $dff cell `$procdff$393' with positive edge clock.
Creating register for signal `\DFFR.\Q' using process `\DFFR.$proc$c:\Users\Daniel\DOWNLO~1\OSS-CA~1\bin\../share/yosys/gowin/cells_sim.v:250$248'.
  created $dff cell `$procdff$394' with positive edge clock.
Creating register for signal `\DFFSE.\Q' using process `\DFFSE.$proc$c:\Users\Daniel\DOWNLO~1\OSS-CA~1\bin\../share/yosys/gowin/cells_sim.v:231$246'.
  created $dff cell `$procdff$395' with positive edge clock.
Creating register for signal `\DFFS.\Q' using process `\DFFS.$proc$c:\Users\Daniel\DOWNLO~1\OSS-CA~1\bin\../share/yosys/gowin/cells_sim.v:211$244'.
  created $dff cell `$procdff$396' with positive edge clock.
Creating register for signal `\DFFE.\Q' using process `\DFFE.$proc$c:\Users\Daniel\DOWNLO~1\OSS-CA~1\bin\../share/yosys/gowin/cells_sim.v:194$242'.
  created $dff cell `$procdff$397' with positive edge clock.
Creating register for signal `\DFF.\Q' using process `\DFF.$proc$c:\Users\Daniel\DOWNLO~1\OSS-CA~1\bin\../share/yosys/gowin/cells_sim.v:179$240'.
  created $dff cell `$procdff$398' with positive edge clock.

5.3.10. Executing PROC_MEMWR pass (convert process memory writes to cells).

5.3.11. Executing PROC_CLEAN pass (remove empty switches from decision trees).
Removing empty process `ALU.$proc$c:\Users\Daniel\DOWNLO~1\OSS-CA~1\bin\../share/yosys/gowin/cells_sim.v:661$282'.
Removing empty process `DFFNCE.$proc$c:\Users\Daniel\DOWNLO~1\OSS-CA~1\bin\../share/yosys/gowin/cells_sim.v:0$279'.
Found and cleaned up 1 empty switch in `\DFFNCE.$proc$c:\Users\Daniel\DOWNLO~1\OSS-CA~1\bin\../share/yosys/gowin/cells_sim.v:535$278'.
Removing empty process `DFFNCE.$proc$c:\Users\Daniel\DOWNLO~1\OSS-CA~1\bin\../share/yosys/gowin/cells_sim.v:535$278'.
Removing empty process `DFFNC.$proc$c:\Users\Daniel\DOWNLO~1\OSS-CA~1\bin\../share/yosys/gowin/cells_sim.v:0$277'.
Removing empty process `DFFNC.$proc$c:\Users\Daniel\DOWNLO~1\OSS-CA~1\bin\../share/yosys/gowin/cells_sim.v:515$276'.
Removing empty process `DFFNPE.$proc$c:\Users\Daniel\DOWNLO~1\OSS-CA~1\bin\../share/yosys/gowin/cells_sim.v:0$275'.
Found and cleaned up 1 empty switch in `\DFFNPE.$proc$c:\Users\Daniel\DOWNLO~1\OSS-CA~1\bin\../share/yosys/gowin/cells_sim.v:496$274'.
Removing empty process `DFFNPE.$proc$c:\Users\Daniel\DOWNLO~1\OSS-CA~1\bin\../share/yosys/gowin/cells_sim.v:496$274'.
Removing empty process `DFFNP.$proc$c:\Users\Daniel\DOWNLO~1\OSS-CA~1\bin\../share/yosys/gowin/cells_sim.v:0$273'.
Removing empty process `DFFNP.$proc$c:\Users\Daniel\DOWNLO~1\OSS-CA~1\bin\../share/yosys/gowin/cells_sim.v:476$272'.
Removing empty process `DFFNRE.$proc$c:\Users\Daniel\DOWNLO~1\OSS-CA~1\bin\../share/yosys/gowin/cells_sim.v:0$271'.
Found and cleaned up 2 empty switches in `\DFFNRE.$proc$c:\Users\Daniel\DOWNLO~1\OSS-CA~1\bin\../share/yosys/gowin/cells_sim.v:457$270'.
Removing empty process `DFFNRE.$proc$c:\Users\Daniel\DOWNLO~1\OSS-CA~1\bin\../share/yosys/gowin/cells_sim.v:457$270'.
Removing empty process `DFFNR.$proc$c:\Users\Daniel\DOWNLO~1\OSS-CA~1\bin\../share/yosys/gowin/cells_sim.v:0$269'.
Found and cleaned up 1 empty switch in `\DFFNR.$proc$c:\Users\Daniel\DOWNLO~1\OSS-CA~1\bin\../share/yosys/gowin/cells_sim.v:437$268'.
Removing empty process `DFFNR.$proc$c:\Users\Daniel\DOWNLO~1\OSS-CA~1\bin\../share/yosys/gowin/cells_sim.v:437$268'.
Removing empty process `DFFNSE.$proc$c:\Users\Daniel\DOWNLO~1\OSS-CA~1\bin\../share/yosys/gowin/cells_sim.v:0$267'.
Found and cleaned up 2 empty switches in `\DFFNSE.$proc$c:\Users\Daniel\DOWNLO~1\OSS-CA~1\bin\../share/yosys/gowin/cells_sim.v:418$266'.
Removing empty process `DFFNSE.$proc$c:\Users\Daniel\DOWNLO~1\OSS-CA~1\bin\../share/yosys/gowin/cells_sim.v:418$266'.
Removing empty process `DFFNS.$proc$c:\Users\Daniel\DOWNLO~1\OSS-CA~1\bin\../share/yosys/gowin/cells_sim.v:0$265'.
Found and cleaned up 1 empty switch in `\DFFNS.$proc$c:\Users\Daniel\DOWNLO~1\OSS-CA~1\bin\../share/yosys/gowin/cells_sim.v:398$264'.
Removing empty process `DFFNS.$proc$c:\Users\Daniel\DOWNLO~1\OSS-CA~1\bin\../share/yosys/gowin/cells_sim.v:398$264'.
Removing empty process `DFFNE.$proc$c:\Users\Daniel\DOWNLO~1\OSS-CA~1\bin\../share/yosys/gowin/cells_sim.v:0$263'.
Found and cleaned up 1 empty switch in `\DFFNE.$proc$c:\Users\Daniel\DOWNLO~1\OSS-CA~1\bin\../share/yosys/gowin/cells_sim.v:381$262'.
Removing empty process `DFFNE.$proc$c:\Users\Daniel\DOWNLO~1\OSS-CA~1\bin\../share/yosys/gowin/cells_sim.v:381$262'.
Removing empty process `DFFN.$proc$c:\Users\Daniel\DOWNLO~1\OSS-CA~1\bin\../share/yosys/gowin/cells_sim.v:0$261'.
Removing empty process `DFFN.$proc$c:\Users\Daniel\DOWNLO~1\OSS-CA~1\bin\../share/yosys/gowin/cells_sim.v:366$260'.
Removing empty process `DFFCE.$proc$c:\Users\Daniel\DOWNLO~1\OSS-CA~1\bin\../share/yosys/gowin/cells_sim.v:0$259'.
Found and cleaned up 1 empty switch in `\DFFCE.$proc$c:\Users\Daniel\DOWNLO~1\OSS-CA~1\bin\../share/yosys/gowin/cells_sim.v:348$258'.
Removing empty process `DFFCE.$proc$c:\Users\Daniel\DOWNLO~1\OSS-CA~1\bin\../share/yosys/gowin/cells_sim.v:348$258'.
Removing empty process `DFFC.$proc$c:\Users\Daniel\DOWNLO~1\OSS-CA~1\bin\../share/yosys/gowin/cells_sim.v:0$257'.
Removing empty process `DFFC.$proc$c:\Users\Daniel\DOWNLO~1\OSS-CA~1\bin\../share/yosys/gowin/cells_sim.v:328$256'.
Removing empty process `DFFPE.$proc$c:\Users\Daniel\DOWNLO~1\OSS-CA~1\bin\../share/yosys/gowin/cells_sim.v:0$255'.
Found and cleaned up 1 empty switch in `\DFFPE.$proc$c:\Users\Daniel\DOWNLO~1\OSS-CA~1\bin\../share/yosys/gowin/cells_sim.v:309$254'.
Removing empty process `DFFPE.$proc$c:\Users\Daniel\DOWNLO~1\OSS-CA~1\bin\../share/yosys/gowin/cells_sim.v:309$254'.
Removing empty process `DFFP.$proc$c:\Users\Daniel\DOWNLO~1\OSS-CA~1\bin\../share/yosys/gowin/cells_sim.v:0$253'.
Removing empty process `DFFP.$proc$c:\Users\Daniel\DOWNLO~1\OSS-CA~1\bin\../share/yosys/gowin/cells_sim.v:289$252'.
Removing empty process `DFFRE.$proc$c:\Users\Daniel\DOWNLO~1\OSS-CA~1\bin\../share/yosys/gowin/cells_sim.v:0$251'.
Found and cleaned up 2 empty switches in `\DFFRE.$proc$c:\Users\Daniel\DOWNLO~1\OSS-CA~1\bin\../share/yosys/gowin/cells_sim.v:270$250'.
Removing empty process `DFFRE.$proc$c:\Users\Daniel\DOWNLO~1\OSS-CA~1\bin\../share/yosys/gowin/cells_sim.v:270$250'.
Removing empty process `DFFR.$proc$c:\Users\Daniel\DOWNLO~1\OSS-CA~1\bin\../share/yosys/gowin/cells_sim.v:0$249'.
Found and cleaned up 1 empty switch in `\DFFR.$proc$c:\Users\Daniel\DOWNLO~1\OSS-CA~1\bin\../share/yosys/gowin/cells_sim.v:250$248'.
Removing empty process `DFFR.$proc$c:\Users\Daniel\DOWNLO~1\OSS-CA~1\bin\../share/yosys/gowin/cells_sim.v:250$248'.
Removing empty process `DFFSE.$proc$c:\Users\Daniel\DOWNLO~1\OSS-CA~1\bin\../share/yosys/gowin/cells_sim.v:0$247'.
Found and cleaned up 2 empty switches in `\DFFSE.$proc$c:\Users\Daniel\DOWNLO~1\OSS-CA~1\bin\../share/yosys/gowin/cells_sim.v:231$246'.
Removing empty process `DFFSE.$proc$c:\Users\Daniel\DOWNLO~1\OSS-CA~1\bin\../share/yosys/gowin/cells_sim.v:231$246'.
Removing empty process `DFFS.$proc$c:\Users\Daniel\DOWNLO~1\OSS-CA~1\bin\../share/yosys/gowin/cells_sim.v:0$245'.
Found and cleaned up 1 empty switch in `\DFFS.$proc$c:\Users\Daniel\DOWNLO~1\OSS-CA~1\bin\../share/yosys/gowin/cells_sim.v:211$244'.
Removing empty process `DFFS.$proc$c:\Users\Daniel\DOWNLO~1\OSS-CA~1\bin\../share/yosys/gowin/cells_sim.v:211$244'.
Removing empty process `DFFE.$proc$c:\Users\Daniel\DOWNLO~1\OSS-CA~1\bin\../share/yosys/gowin/cells_sim.v:0$243'.
Found and cleaned up 1 empty switch in `\DFFE.$proc$c:\Users\Daniel\DOWNLO~1\OSS-CA~1\bin\../share/yosys/gowin/cells_sim.v:194$242'.
Removing empty process `DFFE.$proc$c:\Users\Daniel\DOWNLO~1\OSS-CA~1\bin\../share/yosys/gowin/cells_sim.v:194$242'.
Removing empty process `DFF.$proc$c:\Users\Daniel\DOWNLO~1\OSS-CA~1\bin\../share/yosys/gowin/cells_sim.v:0$241'.
Removing empty process `DFF.$proc$c:\Users\Daniel\DOWNLO~1\OSS-CA~1\bin\../share/yosys/gowin/cells_sim.v:179$240'.
Found and cleaned up 1 empty switch in `\module_error_injection.$proc$../design/module_error_injection.sv:7$39'.
Removing empty process `module_error_injection.$proc$../design/module_error_injection.sv:7$39'.
Cleaned up 19 empty switches.

5.3.12. Executing OPT_EXPR pass (perform const folding).
Optimizing module module_top.
Optimizing module module_error_injection.
<suppressed ~1 debug messages>
Optimizing module module_encoder.
Optimizing module module_bin_to_hexa.
<suppressed ~1 debug messages>

5.4. Executing FLATTEN pass (flatten design).
Deleting now unused module module_error_injection.
Deleting now unused module module_encoder.
Deleting now unused module module_bin_to_hexa.
<suppressed ~4 debug messages>

5.5. Executing TRIBUF pass.

5.6. Executing DEMINOUT pass (demote inout ports to input or output).

5.7. Executing SYNTH pass.

5.7.1. Executing PROC pass (convert processes to netlists).

5.7.1.1. Executing PROC_CLEAN pass (remove empty switches from decision trees).
Cleaned up 0 empty switches.

5.7.1.2. Executing PROC_RMDEAD pass (remove dead branches from decision trees).
Removed a total of 0 dead cases.

5.7.1.3. Executing PROC_PRUNE pass (remove redundant assignments in processes).
Removed 0 redundant assignments.
Promoted 0 assignments to connections.

5.7.1.4. Executing PROC_INIT pass (extract init attributes).

5.7.1.5. Executing PROC_ARST pass (detect async resets in processes).

5.7.1.6. Executing PROC_ROM pass (convert switches to ROMs).
Converted 0 switches.

5.7.1.7. Executing PROC_MUX pass (convert decision trees to multiplexers).

5.7.1.8. Executing PROC_DLATCH pass (convert process syncs to latches).

5.7.1.9. Executing PROC_DFF pass (convert process syncs to FFs).

5.7.1.10. Executing PROC_MEMWR pass (convert process memory writes to cells).

5.7.1.11. Executing PROC_CLEAN pass (remove empty switches from decision trees).
Cleaned up 0 empty switches.

5.7.1.12. Executing OPT_EXPR pass (perform const folding).
Optimizing module module_top.

5.7.2. Executing OPT_EXPR pass (perform const folding).
Optimizing module module_top.

5.7.3. Executing OPT_CLEAN pass (remove unused cells and wires).
Finding unused cells or wires in module \module_top..
Removed 0 unused cells and 17 unused wires.
<suppressed ~8 debug messages>

5.7.4. Executing CHECK pass (checking for obvious problems).
Checking module module_top...
Found and reported 0 problems.

5.7.5. Executing OPT pass (performing simple optimizations).

5.7.5.1. Executing OPT_EXPR pass (perform const folding).
Optimizing module module_top.

5.7.5.2. Executing OPT_MERGE pass (detect identical cells).
Finding identical cells in module `\module_top'.
Removed a total of 0 cells.

5.7.5.3. Executing OPT_MUXTREE pass (detect dead branches in mux trees).
Running muxtree optimizer on module \module_top..
  Creating internal representation of mux trees.
  Evaluating internal representation of mux trees.
  Analyzing evaluation results.
Removed 0 multiplexer ports.
<suppressed ~3 debug messages>

5.7.5.4. Executing OPT_REDUCE pass (consolidate $*mux and $reduce_* inputs).
  Optimizing cells in module \module_top.
Performed a total of 0 changes.

5.7.5.5. Executing OPT_MERGE pass (detect identical cells).
Finding identical cells in module `\module_top'.
Removed a total of 0 cells.

5.7.5.6. Executing OPT_DFF pass (perform DFF optimizations).

5.7.5.7. Executing OPT_CLEAN pass (remove unused cells and wires).
Finding unused cells or wires in module \module_top..

5.7.5.8. Executing OPT_EXPR pass (perform const folding).
Optimizing module module_top.

5.7.5.9. Finished OPT passes. (There is nothing left to do.)

5.7.6. Executing FSM pass (extract and optimize FSM).

5.7.6.1. Executing FSM_DETECT pass (finding FSMs in design).

5.7.6.2. Executing FSM_EXTRACT pass (extracting FSM from design).

5.7.6.3. Executing FSM_OPT pass (simple optimizations of FSMs).

5.7.6.4. Executing OPT_CLEAN pass (remove unused cells and wires).
Finding unused cells or wires in module \module_top..

5.7.6.5. Executing FSM_OPT pass (simple optimizations of FSMs).

5.7.6.6. Executing FSM_RECODE pass (re-assigning FSM state encoding).

5.7.6.7. Executing FSM_INFO pass (dumping all available information on FSM cells).

5.7.6.8. Executing FSM_MAP pass (mapping FSMs to basic logic).

5.7.7. Executing OPT pass (performing simple optimizations).

5.7.7.1. Executing OPT_EXPR pass (perform const folding).
Optimizing module module_top.

5.7.7.2. Executing OPT_MERGE pass (detect identical cells).
Finding identical cells in module `\module_top'.
Removed a total of 0 cells.

5.7.7.3. Executing OPT_MUXTREE pass (detect dead branches in mux trees).
Running muxtree optimizer on module \module_top..
  Creating internal representation of mux trees.
  Evaluating internal representation of mux trees.
  Analyzing evaluation results.
Removed 0 multiplexer ports.
<suppressed ~3 debug messages>

5.7.7.4. Executing OPT_REDUCE pass (consolidate $*mux and $reduce_* inputs).
  Optimizing cells in module \module_top.
Performed a total of 0 changes.

5.7.7.5. Executing OPT_MERGE pass (detect identical cells).
Finding identical cells in module `\module_top'.
Removed a total of 0 cells.

5.7.7.6. Executing OPT_DFF pass (perform DFF optimizations).

5.7.7.7. Executing OPT_CLEAN pass (remove unused cells and wires).
Finding unused cells or wires in module \module_top..

5.7.7.8. Executing OPT_EXPR pass (perform const folding).
Optimizing module module_top.

5.7.7.9. Finished OPT passes. (There is nothing left to do.)

5.7.8. Executing WREDUCE pass (reducing word size of cells).
Removed top 3 bits (of 7) from mux cell module_top.$ternary$../design/module_top.sv:41$56 ($mux).
Removed top 2 bits (of 3) from port B of cell module_top.$flatten\error_injector.$procmux$377_CMP0 ($eq).
Removed top 1 bits (of 3) from port B of cell module_top.$flatten\error_injector.$procmux$376_CMP0 ($eq).
Removed top 1 bits (of 3) from port B of cell module_top.$flatten\error_injector.$procmux$375_CMP0 ($eq).
Removed top 3 bits (of 7) from mux cell module_top.$flatten\error_injector.$procmux$371 ($pmux).
Removed top 6 bits (of 7) from port A of cell module_top.$flatten\error_injector.$not$../design/module_error_injection.sv:18$53 ($not).
Removed top 3 bits (of 7) from port Y of cell module_top.$flatten\error_injector.$not$../design/module_error_injection.sv:18$53 ($not).
Removed top 6 bits (of 7) from port A of cell module_top.$flatten\error_injector.$not$../design/module_error_injection.sv:17$51 ($not).
Removed top 3 bits (of 7) from port Y of cell module_top.$flatten\error_injector.$not$../design/module_error_injection.sv:17$51 ($not).
Removed top 6 bits (of 7) from port A of cell module_top.$flatten\error_injector.$not$../design/module_error_injection.sv:16$49 ($not).
Removed top 3 bits (of 7) from port Y of cell module_top.$flatten\error_injector.$not$../design/module_error_injection.sv:16$49 ($not).
Removed top 6 bits (of 7) from port A of cell module_top.$flatten\error_injector.$not$../design/module_error_injection.sv:15$47 ($not).
Removed top 3 bits (of 7) from port Y of cell module_top.$flatten\error_injector.$not$../design/module_error_injection.sv:15$47 ($not).
Removed top 6 bits (of 7) from port A of cell module_top.$flatten\error_injector.$not$../design/module_error_injection.sv:14$45 ($not).
Removed top 3 bits (of 7) from port Y of cell module_top.$flatten\error_injector.$not$../design/module_error_injection.sv:14$45 ($not).
Removed top 6 bits (of 7) from port A of cell module_top.$flatten\error_injector.$not$../design/module_error_injection.sv:13$43 ($not).
Removed top 3 bits (of 7) from port Y of cell module_top.$flatten\error_injector.$not$../design/module_error_injection.sv:13$43 ($not).
Removed top 6 bits (of 7) from port A of cell module_top.$flatten\error_injector.$not$../design/module_error_injection.sv:12$41 ($not).
Removed top 3 bits (of 7) from port Y of cell module_top.$flatten\error_injector.$not$../design/module_error_injection.sv:12$41 ($not).
Removed top 1 bits (of 4) from port B of cell module_top.$flatten\display_entrada.$eq$../design/module_bin_to_hexa.sv:14$8 ($eq).
Removed top 1 bits (of 4) from port B of cell module_top.$flatten\display_entrada.$eq$../design/module_bin_to_hexa.sv:13$7 ($eq).
Removed top 1 bits (of 4) from port B of cell module_top.$flatten\display_entrada.$eq$../design/module_bin_to_hexa.sv:12$6 ($eq).
Removed top 1 bits (of 4) from port B of cell module_top.$flatten\display_entrada.$eq$../design/module_bin_to_hexa.sv:11$5 ($eq).
Removed top 2 bits (of 4) from port B of cell module_top.$flatten\display_entrada.$eq$../design/module_bin_to_hexa.sv:10$4 ($eq).
Removed top 2 bits (of 4) from port B of cell module_top.$flatten\display_entrada.$eq$../design/module_bin_to_hexa.sv:9$3 ($eq).
Removed top 3 bits (of 4) from port B of cell module_top.$flatten\display_entrada.$eq$../design/module_bin_to_hexa.sv:8$2 ($eq).
Removed top 1 bits (of 4) from port B of cell module_top.$flatten\display_transmision.$eq$../design/module_bin_to_hexa.sv:14$8 ($eq).
Removed top 1 bits (of 4) from port B of cell module_top.$flatten\display_transmision.$eq$../design/module_bin_to_hexa.sv:13$7 ($eq).
Removed top 1 bits (of 4) from port B of cell module_top.$flatten\display_transmision.$eq$../design/module_bin_to_hexa.sv:12$6 ($eq).
Removed top 1 bits (of 4) from port B of cell module_top.$flatten\display_transmision.$eq$../design/module_bin_to_hexa.sv:11$5 ($eq).
Removed top 2 bits (of 4) from port B of cell module_top.$flatten\display_transmision.$eq$../design/module_bin_to_hexa.sv:10$4 ($eq).
Removed top 2 bits (of 4) from port B of cell module_top.$flatten\display_transmision.$eq$../design/module_bin_to_hexa.sv:9$3 ($eq).
Removed top 3 bits (of 4) from port B of cell module_top.$flatten\display_transmision.$eq$../design/module_bin_to_hexa.sv:8$2 ($eq).
Removed top 3 bits (of 7) from wire module_top.$flatten\error_injector.$not$../design/module_error_injection.sv:12$41_Y.
Removed top 3 bits (of 7) from wire module_top.$flatten\error_injector.$not$../design/module_error_injection.sv:13$43_Y.
Removed top 3 bits (of 7) from wire module_top.$flatten\error_injector.$not$../design/module_error_injection.sv:14$45_Y.
Removed top 3 bits (of 7) from wire module_top.$flatten\error_injector.$not$../design/module_error_injection.sv:15$47_Y.
Removed top 3 bits (of 7) from wire module_top.$flatten\error_injector.$not$../design/module_error_injection.sv:16$49_Y.
Removed top 3 bits (of 7) from wire module_top.$flatten\error_injector.$not$../design/module_error_injection.sv:17$51_Y.
Removed top 3 bits (of 7) from wire module_top.$flatten\error_injector.$not$../design/module_error_injection.sv:18$53_Y.
Removed top 3 bits (of 7) from wire module_top.word_with_error.

5.7.9. Executing PEEPOPT pass (run peephole optimizers).

5.7.10. Executing OPT_CLEAN pass (remove unused cells and wires).
Finding unused cells or wires in module \module_top..
Removed 0 unused cells and 8 unused wires.
<suppressed ~1 debug messages>

5.7.11. Executing ALUMACC pass (create $alu and $macc cells).
Extracting $alu and $macc cells in module module_top:
  creating $alu model for $le$../design/module_top.sv:40$54 ($le): new $alu
  creating $alu model for $flatten\error_injector.$procmux$372_CMP0 ($eq): merged with $le$../design/module_top.sv:40$54.
  creating $alu cell for $le$../design/module_top.sv:40$54, $flatten\error_injector.$procmux$372_CMP0: $auto$alumacc.cc:485:replace_alu$408
  created 1 $alu and 0 $macc cells.

5.7.12. Executing SHARE pass (SAT-based resource sharing).

5.7.13. Executing OPT pass (performing simple optimizations).

5.7.13.1. Executing OPT_EXPR pass (perform const folding).
Optimizing module module_top.

5.7.13.2. Executing OPT_MERGE pass (detect identical cells).
Finding identical cells in module `\module_top'.
Removed a total of 0 cells.

5.7.13.3. Executing OPT_MUXTREE pass (detect dead branches in mux trees).
Running muxtree optimizer on module \module_top..
  Creating internal representation of mux trees.
  Evaluating internal representation of mux trees.
  Analyzing evaluation results.
Removed 0 multiplexer ports.
<suppressed ~3 debug messages>

5.7.13.4. Executing OPT_REDUCE pass (consolidate $*mux and $reduce_* inputs).
  Optimizing cells in module \module_top.
Performed a total of 0 changes.

5.7.13.5. Executing OPT_MERGE pass (detect identical cells).
Finding identical cells in module `\module_top'.
Removed a total of 0 cells.

5.7.13.6. Executing OPT_DFF pass (perform DFF optimizations).

5.7.13.7. Executing OPT_CLEAN pass (remove unused cells and wires).
Finding unused cells or wires in module \module_top..
Removed 0 unused cells and 2 unused wires.
<suppressed ~1 debug messages>

5.7.13.8. Executing OPT_EXPR pass (perform const folding).
Optimizing module module_top.

5.7.13.9. Rerunning OPT passes. (Maybe there is more to do..)

5.7.13.10. Executing OPT_MUXTREE pass (detect dead branches in mux trees).
Running muxtree optimizer on module \module_top..
  Creating internal representation of mux trees.
  Evaluating internal representation of mux trees.
  Analyzing evaluation results.
Removed 0 multiplexer ports.
<suppressed ~3 debug messages>

5.7.13.11. Executing OPT_REDUCE pass (consolidate $*mux and $reduce_* inputs).
  Optimizing cells in module \module_top.
Performed a total of 0 changes.

5.7.13.12. Executing OPT_MERGE pass (detect identical cells).
Finding identical cells in module `\module_top'.
Removed a total of 0 cells.

5.7.13.13. Executing OPT_DFF pass (perform DFF optimizations).

5.7.13.14. Executing OPT_CLEAN pass (remove unused cells and wires).
Finding unused cells or wires in module \module_top..

5.7.13.15. Executing OPT_EXPR pass (perform const folding).
Optimizing module module_top.

5.7.13.16. Finished OPT passes. (There is nothing left to do.)

5.7.14. Executing MEMORY pass.

5.7.14.1. Executing OPT_MEM pass (optimize memories).
Performed a total of 0 transformations.

5.7.14.2. Executing OPT_MEM_PRIORITY pass (removing unnecessary memory write priority relations).
Performed a total of 0 transformations.

5.7.14.3. Executing OPT_MEM_FEEDBACK pass (finding memory read-to-write feedback paths).

5.7.14.4. Executing MEMORY_BMUX2ROM pass (converting muxes to ROMs).

5.7.14.5. Executing MEMORY_DFF pass (merging $dff cells to $memrd).

5.7.14.6. Executing OPT_CLEAN pass (remove unused cells and wires).
Finding unused cells or wires in module \module_top..

5.7.14.7. Executing MEMORY_SHARE pass (consolidating $memrd/$memwr cells).

5.7.14.8. Executing OPT_MEM_WIDEN pass (optimize memories where all ports are wide).
Performed a total of 0 transformations.

5.7.14.9. Executing OPT_CLEAN pass (remove unused cells and wires).
Finding unused cells or wires in module \module_top..

5.7.14.10. Executing MEMORY_COLLECT pass (generating $mem cells).

5.7.15. Executing OPT_CLEAN pass (remove unused cells and wires).
Finding unused cells or wires in module \module_top..

5.8. Executing MEMORY_LIBMAP pass (mapping memories to cells).

5.9. Executing TECHMAP pass (map to technology primitives).

5.9.1. Executing Verilog-2005 frontend: c:\Users\Daniel\DOWNLO~1\OSS-CA~1\bin\../share/yosys/gowin/lutrams_map.v
Parsing Verilog input from `c:\Users\Daniel\DOWNLO~1\OSS-CA~1\bin\../share/yosys/gowin/lutrams_map.v' to AST representation.
Generating RTLIL representation for module `\$__GOWIN_LUTRAM_'.
Successfully finished Verilog frontend.

5.9.2. Executing Verilog-2005 frontend: c:\Users\Daniel\DOWNLO~1\OSS-CA~1\bin\../share/yosys/gowin/brams_map.v
Parsing Verilog input from `c:\Users\Daniel\DOWNLO~1\OSS-CA~1\bin\../share/yosys/gowin/brams_map.v' to AST representation.
Generating RTLIL representation for module `\$__GOWIN_SP_'.
Generating RTLIL representation for module `\$__GOWIN_DP_'.
Generating RTLIL representation for module `\$__GOWIN_SDP_'.
Successfully finished Verilog frontend.

5.9.3. Continuing TECHMAP pass.
No more expansions possible.
<suppressed ~6 debug messages>

5.10. Executing OPT pass (performing simple optimizations).

5.10.1. Executing OPT_EXPR pass (perform const folding).
Optimizing module module_top.
<suppressed ~42 debug messages>

5.10.2. Executing OPT_MERGE pass (detect identical cells).
Finding identical cells in module `\module_top'.
Removed a total of 0 cells.

5.10.3. Executing OPT_DFF pass (perform DFF optimizations).

5.10.4. Executing OPT_CLEAN pass (remove unused cells and wires).
Finding unused cells or wires in module \module_top..
Removed 0 unused cells and 14 unused wires.
<suppressed ~1 debug messages>

5.10.5. Finished fast OPT passes.

5.11. Executing MEMORY_MAP pass (converting memories to logic and flip-flops).

5.12. Executing OPT pass (performing simple optimizations).

5.12.1. Executing OPT_EXPR pass (perform const folding).
Optimizing module module_top.

5.12.2. Executing OPT_MERGE pass (detect identical cells).
Finding identical cells in module `\module_top'.
Removed a total of 0 cells.

5.12.3. Executing OPT_MUXTREE pass (detect dead branches in mux trees).
Running muxtree optimizer on module \module_top..
  Creating internal representation of mux trees.
  Evaluating internal representation of mux trees.
  Analyzing evaluation results.
Removed 0 multiplexer ports.
<suppressed ~3 debug messages>

5.12.4. Executing OPT_REDUCE pass (consolidate $*mux and $reduce_* inputs).
  Optimizing cells in module \module_top.
    Consolidated identical input bits for $mux cell $flatten\display_entrada.$ternary$../design/module_bin_to_hexa.sv:22$17:
      Old ports: A=7'1111111, B=7'0001110, Y=$flatten\display_entrada.$ternary$../design/module_bin_to_hexa.sv:22$17_Y
      New ports: A=1'1, B=1'0, Y=$flatten\display_entrada.$ternary$../design/module_bin_to_hexa.sv:22$17_Y [0]
      New connections: $flatten\display_entrada.$ternary$../design/module_bin_to_hexa.sv:22$17_Y [6:1] = { $flatten\display_entrada.$ternary$../design/module_bin_to_hexa.sv:22$17_Y [0] $flatten\display_entrada.$ternary$../design/module_bin_to_hexa.sv:22$17_Y [0] $flatten\display_entrada.$ternary$../design/module_bin_to_hexa.sv:22$17_Y [0] 3'111 }
    Consolidated identical input bits for $mux cell $flatten\display_transmision.$ternary$../design/module_bin_to_hexa.sv:22$17:
      Old ports: A=7'1111111, B=7'0001110, Y=$flatten\display_transmision.$ternary$../design/module_bin_to_hexa.sv:22$17_Y
      New ports: A=1'1, B=1'0, Y=$flatten\display_transmision.$ternary$../design/module_bin_to_hexa.sv:22$17_Y [0]
      New connections: $flatten\display_transmision.$ternary$../design/module_bin_to_hexa.sv:22$17_Y [6:1] = { $flatten\display_transmision.$ternary$../design/module_bin_to_hexa.sv:22$17_Y [0] $flatten\display_transmision.$ternary$../design/module_bin_to_hexa.sv:22$17_Y [0] $flatten\display_transmision.$ternary$../design/module_bin_to_hexa.sv:22$17_Y [0] 3'111 }
  Optimizing cells in module \module_top.
    Consolidated identical input bits for $mux cell $flatten\display_entrada.$ternary$../design/module_bin_to_hexa.sv:21$18:
      Old ports: A=$flatten\display_entrada.$ternary$../design/module_bin_to_hexa.sv:22$17_Y, B=7'0000110, Y=$flatten\display_entrada.$ternary$../design/module_bin_to_hexa.sv:21$18_Y
      New ports: A={ 1'1 $flatten\display_entrada.$ternary$../design/module_bin_to_hexa.sv:22$17_Y [0] }, B=2'00, Y={ $flatten\display_entrada.$ternary$../design/module_bin_to_hexa.sv:21$18_Y [3] $flatten\display_entrada.$ternary$../design/module_bin_to_hexa.sv:21$18_Y [0] }
      New connections: { $flatten\display_entrada.$ternary$../design/module_bin_to_hexa.sv:21$18_Y [6:4] $flatten\display_entrada.$ternary$../design/module_bin_to_hexa.sv:21$18_Y [2:1] } = { $flatten\display_entrada.$ternary$../design/module_bin_to_hexa.sv:21$18_Y [0] $flatten\display_entrada.$ternary$../design/module_bin_to_hexa.sv:21$18_Y [0] $flatten\display_entrada.$ternary$../design/module_bin_to_hexa.sv:21$18_Y [0] 2'11 }
    Consolidated identical input bits for $mux cell $flatten\display_transmision.$ternary$../design/module_bin_to_hexa.sv:21$18:
      Old ports: A=$flatten\display_transmision.$ternary$../design/module_bin_to_hexa.sv:22$17_Y, B=7'0000110, Y=$flatten\display_transmision.$ternary$../design/module_bin_to_hexa.sv:21$18_Y
      New ports: A={ 1'1 $flatten\display_transmision.$ternary$../design/module_bin_to_hexa.sv:22$17_Y [0] }, B=2'00, Y={ $flatten\display_transmision.$ternary$../design/module_bin_to_hexa.sv:21$18_Y [3] $flatten\display_transmision.$ternary$../design/module_bin_to_hexa.sv:21$18_Y [0] }
      New connections: { $flatten\display_transmision.$ternary$../design/module_bin_to_hexa.sv:21$18_Y [6:4] $flatten\display_transmision.$ternary$../design/module_bin_to_hexa.sv:21$18_Y [2:1] } = { $flatten\display_transmision.$ternary$../design/module_bin_to_hexa.sv:21$18_Y [0] $flatten\display_transmision.$ternary$../design/module_bin_to_hexa.sv:21$18_Y [0] $flatten\display_transmision.$ternary$../design/module_bin_to_hexa.sv:21$18_Y [0] 2'11 }
  Optimizing cells in module \module_top.
    Consolidated identical input bits for $mux cell $flatten\display_entrada.$ternary$../design/module_bin_to_hexa.sv:20$19:
      Old ports: A=$flatten\display_entrada.$ternary$../design/module_bin_to_hexa.sv:21$18_Y, B=7'0100001, Y=$flatten\display_entrada.$ternary$../design/module_bin_to_hexa.sv:20$19_Y
      New ports: A={ $flatten\display_entrada.$ternary$../design/module_bin_to_hexa.sv:21$18_Y [0] $flatten\display_entrada.$ternary$../design/module_bin_to_hexa.sv:21$18_Y [3] 1'1 $flatten\display_entrada.$ternary$../design/module_bin_to_hexa.sv:21$18_Y [0] }, B=4'0001, Y={ $flatten\display_entrada.$ternary$../design/module_bin_to_hexa.sv:20$19_Y [4:3] $flatten\display_entrada.$ternary$../design/module_bin_to_hexa.sv:20$19_Y [1:0] }
      New connections: { $flatten\display_entrada.$ternary$../design/module_bin_to_hexa.sv:20$19_Y [6:5] $flatten\display_entrada.$ternary$../design/module_bin_to_hexa.sv:20$19_Y [2] } = { $flatten\display_entrada.$ternary$../design/module_bin_to_hexa.sv:20$19_Y [4] $flatten\display_entrada.$ternary$../design/module_bin_to_hexa.sv:20$19_Y [0] $flatten\display_entrada.$ternary$../design/module_bin_to_hexa.sv:20$19_Y [1] }
    Consolidated identical input bits for $mux cell $flatten\display_transmision.$ternary$../design/module_bin_to_hexa.sv:20$19:
      Old ports: A=$flatten\display_transmision.$ternary$../design/module_bin_to_hexa.sv:21$18_Y, B=7'0100001, Y=$flatten\display_transmision.$ternary$../design/module_bin_to_hexa.sv:20$19_Y
      New ports: A={ $flatten\display_transmision.$ternary$../design/module_bin_to_hexa.sv:21$18_Y [0] $flatten\display_transmision.$ternary$../design/module_bin_to_hexa.sv:21$18_Y [3] 1'1 $flatten\display_transmision.$ternary$../design/module_bin_to_hexa.sv:21$18_Y [0] }, B=4'0001, Y={ $flatten\display_transmision.$ternary$../design/module_bin_to_hexa.sv:20$19_Y [4:3] $flatten\display_transmision.$ternary$../design/module_bin_to_hexa.sv:20$19_Y [1:0] }
      New connections: { $flatten\display_transmision.$ternary$../design/module_bin_to_hexa.sv:20$19_Y [6:5] $flatten\display_transmision.$ternary$../design/module_bin_to_hexa.sv:20$19_Y [2] } = { $flatten\display_transmision.$ternary$../design/module_bin_to_hexa.sv:20$19_Y [4] $flatten\display_transmision.$ternary$../design/module_bin_to_hexa.sv:20$19_Y [0] $flatten\display_transmision.$ternary$../design/module_bin_to_hexa.sv:20$19_Y [1] }
  Optimizing cells in module \module_top.
    Consolidated identical input bits for $mux cell $flatten\display_entrada.$ternary$../design/module_bin_to_hexa.sv:19$20:
      Old ports: A=$flatten\display_entrada.$ternary$../design/module_bin_to_hexa.sv:20$19_Y, B=7'1000110, Y=$flatten\display_entrada.$ternary$../design/module_bin_to_hexa.sv:19$20_Y
      New ports: A={ $flatten\display_entrada.$ternary$../design/module_bin_to_hexa.sv:20$19_Y [4] $flatten\display_entrada.$ternary$../design/module_bin_to_hexa.sv:20$19_Y [4:3] $flatten\display_entrada.$ternary$../design/module_bin_to_hexa.sv:20$19_Y [1:0] }, B=5'10010, Y={ $flatten\display_entrada.$ternary$../design/module_bin_to_hexa.sv:19$20_Y [6] $flatten\display_entrada.$ternary$../design/module_bin_to_hexa.sv:19$20_Y [4:3] $flatten\display_entrada.$ternary$../design/module_bin_to_hexa.sv:19$20_Y [1:0] }
      New connections: { $flatten\display_entrada.$ternary$../design/module_bin_to_hexa.sv:19$20_Y [5] $flatten\display_entrada.$ternary$../design/module_bin_to_hexa.sv:19$20_Y [2] } = { $flatten\display_entrada.$ternary$../design/module_bin_to_hexa.sv:19$20_Y [0] $flatten\display_entrada.$ternary$../design/module_bin_to_hexa.sv:19$20_Y [1] }
    Consolidated identical input bits for $mux cell $flatten\display_transmision.$ternary$../design/module_bin_to_hexa.sv:19$20:
      Old ports: A=$flatten\display_transmision.$ternary$../design/module_bin_to_hexa.sv:20$19_Y, B=7'1000110, Y=$flatten\display_transmision.$ternary$../design/module_bin_to_hexa.sv:19$20_Y
      New ports: A={ $flatten\display_transmision.$ternary$../design/module_bin_to_hexa.sv:20$19_Y [4] $flatten\display_transmision.$ternary$../design/module_bin_to_hexa.sv:20$19_Y [4:3] $flatten\display_transmision.$ternary$../design/module_bin_to_hexa.sv:20$19_Y [1:0] }, B=5'10010, Y={ $flatten\display_transmision.$ternary$../design/module_bin_to_hexa.sv:19$20_Y [6] $flatten\display_transmision.$ternary$../design/module_bin_to_hexa.sv:19$20_Y [4:3] $flatten\display_transmision.$ternary$../design/module_bin_to_hexa.sv:19$20_Y [1:0] }
      New connections: { $flatten\display_transmision.$ternary$../design/module_bin_to_hexa.sv:19$20_Y [5] $flatten\display_transmision.$ternary$../design/module_bin_to_hexa.sv:19$20_Y [2] } = { $flatten\display_transmision.$ternary$../design/module_bin_to_hexa.sv:19$20_Y [0] $flatten\display_transmision.$ternary$../design/module_bin_to_hexa.sv:19$20_Y [1] }
  Optimizing cells in module \module_top.
Performed a total of 8 changes.

5.12.5. Executing OPT_MERGE pass (detect identical cells).
Finding identical cells in module `\module_top'.
Removed a total of 0 cells.

5.12.6. Executing OPT_DFF pass (perform DFF optimizations).

5.12.7. Executing OPT_CLEAN pass (remove unused cells and wires).
Finding unused cells or wires in module \module_top..

5.12.8. Executing OPT_EXPR pass (perform const folding).
Optimizing module module_top.

5.12.9. Rerunning OPT passes. (Maybe there is more to do..)

5.12.10. Executing OPT_MUXTREE pass (detect dead branches in mux trees).
Running muxtree optimizer on module \module_top..
  Creating internal representation of mux trees.
  Evaluating internal representation of mux trees.
  Analyzing evaluation results.
Removed 0 multiplexer ports.
<suppressed ~3 debug messages>

5.12.11. Executing OPT_REDUCE pass (consolidate $*mux and $reduce_* inputs).
  Optimizing cells in module \module_top.
Performed a total of 0 changes.

5.12.12. Executing OPT_MERGE pass (detect identical cells).
Finding identical cells in module `\module_top'.
Removed a total of 0 cells.

5.12.13. Executing OPT_DFF pass (perform DFF optimizations).

5.12.14. Executing OPT_CLEAN pass (remove unused cells and wires).
Finding unused cells or wires in module \module_top..

5.12.15. Executing OPT_EXPR pass (perform const folding).
Optimizing module module_top.

5.12.16. Finished OPT passes. (There is nothing left to do.)

5.13. Executing TECHMAP pass (map to technology primitives).

5.13.1. Executing Verilog-2005 frontend: c:\Users\Daniel\DOWNLO~1\OSS-CA~1\bin\../share/yosys/techmap.v
Parsing Verilog input from `c:\Users\Daniel\DOWNLO~1\OSS-CA~1\bin\../share/yosys/techmap.v' to AST representation.
Generating RTLIL representation for module `\_90_simplemap_bool_ops'.
Generating RTLIL representation for module `\_90_simplemap_reduce_ops'.
Generating RTLIL representation for module `\_90_simplemap_logic_ops'.
Generating RTLIL representation for module `\_90_simplemap_compare_ops'.
Generating RTLIL representation for module `\_90_simplemap_various'.
Generating RTLIL representation for module `\_90_simplemap_registers'.
Generating RTLIL representation for module `\_90_shift_ops_shr_shl_sshl_sshr'.
Generating RTLIL representation for module `\_90_shift_shiftx'.
Generating RTLIL representation for module `\_90_fa'.
Generating RTLIL representation for module `\_90_lcu'.
Generating RTLIL representation for module `\_90_alu'.
Generating RTLIL representation for module `\_90_macc'.
Generating RTLIL representation for module `\_90_alumacc'.
Generating RTLIL representation for module `\$__div_mod_u'.
Generating RTLIL representation for module `\$__div_mod_trunc'.
Generating RTLIL representation for module `\_90_div'.
Generating RTLIL representation for module `\_90_mod'.
Generating RTLIL representation for module `\$__div_mod_floor'.
Generating RTLIL representation for module `\_90_divfloor'.
Generating RTLIL representation for module `\_90_modfloor'.
Generating RTLIL representation for module `\_90_pow'.
Generating RTLIL representation for module `\_90_pmux'.
Generating RTLIL representation for module `\_90_demux'.
Generating RTLIL representation for module `\_90_lut'.
Successfully finished Verilog frontend.

5.13.2. Executing Verilog-2005 frontend: c:\Users\Daniel\DOWNLO~1\OSS-CA~1\bin\../share/yosys/gowin/arith_map.v
Parsing Verilog input from `c:\Users\Daniel\DOWNLO~1\OSS-CA~1\bin\../share/yosys/gowin/arith_map.v' to AST representation.
Generating RTLIL representation for module `\_80_gw1n_alu'.
Successfully finished Verilog frontend.

5.13.3. Continuing TECHMAP pass.
Using extmapper simplemap for cells of type $not.
Using extmapper simplemap for cells of type $logic_and.
Using extmapper simplemap for cells of type $mux.
Using extmapper simplemap for cells of type $reduce_or.
Using extmapper simplemap for cells of type $xor.
Using extmapper simplemap for cells of type $reduce_and.
Using extmapper simplemap for cells of type $or.
Using template $paramod$78e969f2586efcf3a5b0b0440bcca0db83d5cca2\_80_gw1n_alu for cells of type $alu.
Using extmapper simplemap for cells of type $logic_not.
Using extmapper simplemap for cells of type $eq.
Using template $paramod$33afdd83bf3811dac2de7a968d39eea5718691bc\_90_pmux for cells of type $pmux.
Using extmapper simplemap for cells of type $pos.
Using extmapper simplemap for cells of type $and.
No more expansions possible.
<suppressed ~216 debug messages>

5.14. Executing OPT pass (performing simple optimizations).

5.14.1. Executing OPT_EXPR pass (perform const folding).
Optimizing module module_top.
<suppressed ~360 debug messages>

5.14.2. Executing OPT_MERGE pass (detect identical cells).
Finding identical cells in module `\module_top'.
<suppressed ~402 debug messages>
Removed a total of 134 cells.

5.14.3. Executing OPT_DFF pass (perform DFF optimizations).

5.14.4. Executing OPT_CLEAN pass (remove unused cells and wires).
Finding unused cells or wires in module \module_top..
Removed 32 unused cells and 255 unused wires.
<suppressed ~33 debug messages>

5.14.5. Finished fast OPT passes.

5.15. Executing IOPADMAP pass (mapping inputs/outputs to IO-PAD cells).
Mapping port module_top.anodo_p0 using OBUF.
Mapping port module_top.anodo_p1 using OBUF.
Mapping port module_top.button using IBUF.
Mapping port module_top.catodo_p0 using OBUF.
Mapping port module_top.catodo_trans using OBUF.
Mapping port module_top.codigo_bin_led_p0 using OBUF.
Mapping port module_top.codigo_gray_pi using IBUF.
Mapping port module_top.pos_error_pi using IBUF.

5.16. Executing OPT_CLEAN pass (remove unused cells and wires).
Finding unused cells or wires in module \module_top..
Removed 0 unused cells and 7 unused wires.
<suppressed ~1 debug messages>

5.17. Executing DFFLEGALIZE pass (convert FFs to types supported by the target).

5.18. Executing TECHMAP pass (map to technology primitives).

5.18.1. Executing Verilog-2005 frontend: c:\Users\Daniel\DOWNLO~1\OSS-CA~1\bin\../share/yosys/gowin/cells_map.v
Parsing Verilog input from `c:\Users\Daniel\DOWNLO~1\OSS-CA~1\bin\../share/yosys/gowin/cells_map.v' to AST representation.
Generating RTLIL representation for module `\$_DFF_N_'.
Generating RTLIL representation for module `\$_DFF_P_'.
Generating RTLIL representation for module `\$_DFFE_PP_'.
Generating RTLIL representation for module `\$_DFFE_NP_'.
Generating RTLIL representation for module `\$_SDFF_PP0_'.
Generating RTLIL representation for module `\$_SDFF_NP0_'.
Generating RTLIL representation for module `\$_SDFFE_PP0P_'.
Generating RTLIL representation for module `\$_SDFFE_NP0P_'.
Generating RTLIL representation for module `\$_SDFF_PP1_'.
Generating RTLIL representation for module `\$_SDFF_NP1_'.
Generating RTLIL representation for module `\$_SDFFE_PP1P_'.
Generating RTLIL representation for module `\$_SDFFE_NP1P_'.
Generating RTLIL representation for module `\$_DFF_PP1_'.
Generating RTLIL representation for module `\$_DFF_NP1_'.
Generating RTLIL representation for module `\$_DFF_PP0_'.
Generating RTLIL representation for module `\$_DFF_NP0_'.
Generating RTLIL representation for module `\$_DFFE_PP1P_'.
Generating RTLIL representation for module `\$_DFFE_NP1P_'.
Generating RTLIL representation for module `\$_DFFE_PP0P_'.
Generating RTLIL representation for module `\$_DFFE_NP0P_'.
Generating RTLIL representation for module `\$lut'.
Successfully finished Verilog frontend.

5.18.2. Continuing TECHMAP pass.
No more expansions possible.
<suppressed ~23 debug messages>

5.19. Executing OPT_EXPR pass (perform const folding).
Optimizing module module_top.

5.20. Executing SIMPLEMAP pass (map simple cells to gate primitives).

5.21. Executing ABC pass (technology mapping using ABC).

5.21.1. Extracting gate netlist of module `\module_top' to `<abc-temp-dir>/input.blif'..
Extracted 304 gates and 315 wires to a netlist network with 9 inputs and 14 outputs.

5.21.1.1. Executing ABC.
Running ABC command: "<yosys-exe-dir>/yosys-abc" -s -f <abc-temp-dir>/abc.script 2>&1
ABC: ABC command line: "source <abc-temp-dir>/abc.script".
ABC: 
ABC: + read_blif <abc-temp-dir>/input.blif 
ABC: + read_lut <abc-temp-dir>/lutdefs.txt 
ABC: + strash 
ABC: + &get -n 
ABC: + &fraig -x 
ABC: + &put 
ABC: + scorr 
ABC: Warning: The network is combinational (run "fraig" or "fraig_sweep").
ABC: + dc2 
ABC: + dretime 
ABC: + strash 
ABC: + dch -f 
ABC: + if 
ABC: + mfs2 
ABC: + write_blif <abc-temp-dir>/output.blif 

5.21.1.2. Re-integrating ABC results.
ABC RESULTS:              $lut cells:       15
ABC RESULTS:        internal signals:      292
ABC RESULTS:           input signals:        9
ABC RESULTS:          output signals:       14
Removing temp directory.
Removed 0 unused cells and 130 unused wires.

5.22. Executing TECHMAP pass (map to technology primitives).

5.22.1. Executing Verilog-2005 frontend: c:\Users\Daniel\DOWNLO~1\OSS-CA~1\bin\../share/yosys/gowin/cells_map.v
Parsing Verilog input from `c:\Users\Daniel\DOWNLO~1\OSS-CA~1\bin\../share/yosys/gowin/cells_map.v' to AST representation.
Generating RTLIL representation for module `\$_DFF_N_'.
Generating RTLIL representation for module `\$_DFF_P_'.
Generating RTLIL representation for module `\$_DFFE_PP_'.
Generating RTLIL representation for module `\$_DFFE_NP_'.
Generating RTLIL representation for module `\$_SDFF_PP0_'.
Generating RTLIL representation for module `\$_SDFF_NP0_'.
Generating RTLIL representation for module `\$_SDFFE_PP0P_'.
Generating RTLIL representation for module `\$_SDFFE_NP0P_'.
Generating RTLIL representation for module `\$_SDFF_PP1_'.
Generating RTLIL representation for module `\$_SDFF_NP1_'.
Generating RTLIL representation for module `\$_SDFFE_PP1P_'.
Generating RTLIL representation for module `\$_SDFFE_NP1P_'.
Generating RTLIL representation for module `\$_DFF_PP1_'.
Generating RTLIL representation for module `\$_DFF_NP1_'.
Generating RTLIL representation for module `\$_DFF_PP0_'.
Generating RTLIL representation for module `\$_DFF_NP0_'.
Generating RTLIL representation for module `\$_DFFE_PP1P_'.
Generating RTLIL representation for module `\$_DFFE_NP1P_'.
Generating RTLIL representation for module `\$_DFFE_PP0P_'.
Generating RTLIL representation for module `\$_DFFE_NP0P_'.
Generating RTLIL representation for module `\$lut'.
Successfully finished Verilog frontend.

5.22.2. Continuing TECHMAP pass.
Using template $paramod$5458e669d12727c2c78f226ff4ad0af98bde88b2\$lut for cells of type $lut.
Using template $paramod$d7699f71278c20db2d510147e0fba5eaf3404f71\$lut for cells of type $lut.
Using template $paramod\$lut\WIDTH=32'00000000000000000000000000000010\LUT=4'1110 for cells of type $lut.
Using template $paramod$8ec29827d94e80e773a6f636dfcf3e1591527264\$lut for cells of type $lut.
Using template $paramod$bb382cdbb6dfe045f5b29a67301df00a749f62f4\$lut for cells of type $lut.
Using template $paramod$b3410db4e06cead9ed7afd643c069494332fc466\$lut for cells of type $lut.
Using template $paramod$179512a187da069f3b79ef6612a41e494e7d54b6\$lut for cells of type $lut.
Using template $paramod$272652f6c6fbe9a75eff76e45cc7e2788835518b\$lut for cells of type $lut.
Using template $paramod\$lut\WIDTH=32'00000000000000000000000000000011\LUT=8'00000001 for cells of type $lut.
Using template $paramod$3e236f2d3337393039ddba37c9368ea3a3709b86\$lut for cells of type $lut.
Using template $paramod$65d6efafc6bc9f34978d1f8a94817bcadf78e791\$lut for cells of type $lut.
Using template $paramod$2ba69b5629c20b3a336d098f9f419d6158584e82\$lut for cells of type $lut.
Using template $paramod$bec5be7d552ede21c071ad538afdf64e0c15a37c\$lut for cells of type $lut.
Using template $paramod$c435a98b6a6804c24a1395b0df09f7bfb3ceed6f\$lut for cells of type $lut.
Using template $paramod$63dbf1209b389142f1f49c6a862710d5df920e2f\$lut for cells of type $lut.
Using template $paramod$386aa0f547be775494235695049b498a88f943d4\$lut for cells of type $lut.
Using template $paramod$1c20084581d7a51a3f38dcd6f9ba6bb5a606e793\$lut for cells of type $lut.
Using template $paramod$981db10000bbcbab6e7a1a2897220a4624625257\$lut for cells of type $lut.
Using template $paramod$054923944b4e66e2dda014ae76941bd62bf179da\$lut for cells of type $lut.
Using template $paramod$a41b6069e4fb0f3736190764151ba1fcb349cf16\$lut for cells of type $lut.
Using template $paramod$9664483609d9e726df9697364de1aad825ad3979\$lut for cells of type $lut.
Using template $paramod$1602e1807f5babe1be09bf5db6365f492115259f\$lut for cells of type $lut.
Using template $paramod$4445a72fc8cde8e47561dc41b76b2df50401f9da\$lut for cells of type $lut.
Using template $paramod$89d4bdfbc1c4cada89ac8ebc2cb625ed8e548bb6\$lut for cells of type $lut.
Using template $paramod$1845d83b8e49069fa04d0d6f2e3b8021324d7aea\$lut for cells of type $lut.
Using template $paramod$0d13fdad28d784ea88eed05bc33467a7d8fa75b2\$lut for cells of type $lut.
Using template $paramod$761da5d9036b26bd0b27666a8a934782820b5f0a\$lut for cells of type $lut.
Using template $paramod$07ecd584fd20473080f5e2b86a8549ccfe810feb\$lut for cells of type $lut.
Using template $paramod$654bd43602aec8fce2c1175bac9f8d8eeb8ef3c2\$lut for cells of type $lut.
Using template $paramod$3a516a88170cca0b94fbf5ad45a44a130fec4fed\$lut for cells of type $lut.
Using template $paramod$bbbfc1d578039fb81fc39f4ca07d9fcf621f072a\$lut for cells of type $lut.
Using template $paramod$5e3fafc77767b78bb3abbc06fec4e29bf3a29393\$lut for cells of type $lut.
Using template $paramod$cc81d3e65f8ff14208cba2e6e4d4ad94b39729b0\$lut for cells of type $lut.
No more expansions possible.
<suppressed ~485 debug messages>

5.23. Executing OPT_LUT_INS pass (discard unused LUT inputs).
Optimizing LUTs in module_top.
  Optimizing lut $abc$1725$auto$blifparse.cc:525:parse_blif$1727.genblk1.genblk1.genblk1.genblk1.genblk1.lut0 (4 -> 0)
  Optimizing lut $abc$1725$auto$blifparse.cc:525:parse_blif$1730.genblk1.genblk1.genblk1.genblk1.genblk1.genblk1.genblk1.lut0.genblk1.genblk1.genblk1.genblk1.genblk1.genblk1.lut0.genblk1.genblk1.genblk1.genblk1.genblk1.lut0 (4 -> 3)
  Optimizing lut $abc$1725$auto$blifparse.cc:525:parse_blif$1730.genblk1.genblk1.genblk1.genblk1.genblk1.genblk1.genblk1.lut0.genblk1.genblk1.genblk1.genblk1.genblk1.genblk1.lut0.genblk1.genblk1.genblk1.genblk1.genblk1.lut1 (4 -> 3)

5.24. Executing SETUNDEF pass (replace undef values with defined constants).

5.25. Executing HILOMAP pass (mapping to constant drivers).
Removed 0 unused cells and 70 unused wires.

5.26. Executing AUTONAME pass.
Renamed 434 objects in module module_top (19 iterations).
<suppressed ~88 debug messages>

5.27. Executing HIERARCHY pass (managing design hierarchy).

5.27.1. Analyzing design hierarchy..
Top module:  \module_top

5.27.2. Analyzing design hierarchy..
Top module:  \module_top
Removed 0 unused modules.

5.28. Printing statistics.

=== module_top ===

   Number of wires:                 49
   Number of wire bits:            136
   Number of public wires:          49
   Number of public wire bits:     136
   Number of memories:               0
   Number of memory bits:            0
   Number of processes:              0
   Number of cells:                 66
     ALU                             3
     GND                             1
     IBUF                            8
     LUT1                            1
     LUT2                            1
     LUT3                            3
     LUT4                           19
     MUX2_LUT5                       6
     MUX2_LUT6                       2
     MUX2_LUT7                       1
     OBUF                           20
     VCC                             1

5.29. Executing CHECK pass (checking for obvious problems).
Checking module module_top...
Found and reported 0 problems.

5.30. Executing JSON backend.

End of script. Logfile hash: 65ff5a5d07
Yosys 0.26+1 (git sha1 b1a011138, x86_64-w64-mingw32-g++ 9.2.1 -Os)
Time spent: 1% 16x opt_expr (0 sec), 1% 15x opt_clean (0 sec), ...
