#! 
:ivl_version "13.0 (devel)" "(s20221226-103-g418bbc14b)";
:ivl_delay_selection "TYPICAL";
:vpi_time_precision - 12;
:vpi_module "c:\Users\MARIAN~1\Desktop\TEC\1S2026\LOGICO\PROYEC~1\OSS-CA~1\lib\ivl\system.vpi";
:vpi_module "c:\Users\MARIAN~1\Desktop\TEC\1S2026\LOGICO\PROYEC~1\OSS-CA~1\lib\ivl\vhdl_sys.vpi";
:vpi_module "c:\Users\MARIAN~1\Desktop\TEC\1S2026\LOGICO\PROYEC~1\OSS-CA~1\lib\ivl\vhdl_textio.vpi";
:vpi_module "c:\Users\MARIAN~1\Desktop\TEC\1S2026\LOGICO\PROYEC~1\OSS-CA~1\lib\ivl\v2005_math.vpi";
:vpi_module "c:\Users\MARIAN~1\Desktop\TEC\1S2026\LOGICO\PROYEC~1\OSS-CA~1\lib\ivl\va_math.vpi";
:vpi_module "c:\Users\MARIAN~1\Desktop\TEC\1S2026\LOGICO\PROYEC~1\OSS-CA~1\lib\ivl\v2009.vpi";
S_00000000043e6fe0 .scope package, "$unit" "$unit" 2 1;
 .timescale 0 0;
S_00000000043e69a0 .scope module, "tb_bin_to_hexa" "tb_bin_to_hexa" 3 3;
 .timescale -9 -12;
v000000000443b030_0 .var "binary_input", 3 0;
v000000000443b2b0_0 .net "hex_output", 6 0, L_0000000004485d20;  1 drivers
S_00000000043e7490 .scope module, "dut" "module_bin_to_hexa" 3 8, 4 1 0, S_00000000043e69a0;
 .timescale 0 0;
    .port_info 0 /INPUT 4 "binary_input";
    .port_info 1 /OUTPUT 7 "hex_output";
L_000000000443d408 .functor BUFT 1, C4<0000>, C4<0>, C4<0>, C4<0>;
v00000000043cc020_0 .net/2u *"_ivl_0", 3 0, L_000000000443d408;  1 drivers
L_000000000443d4e0 .functor BUFT 1, C4<1111001>, C4<0>, C4<0>, C4<0>;
v00000000043cacc0_0 .net/2u *"_ivl_10", 6 0, L_000000000443d4e0;  1 drivers
v00000000043cb1c0_0 .net *"_ivl_100", 6 0, L_0000000004485460;  1 drivers
v00000000043cb3a0_0 .net *"_ivl_102", 6 0, L_00000000044864a0;  1 drivers
v00000000043ca180_0 .net *"_ivl_104", 6 0, L_0000000004486680;  1 drivers
v00000000043cb260_0 .net *"_ivl_106", 6 0, L_0000000004486180;  1 drivers
v00000000043ca4a0_0 .net *"_ivl_108", 6 0, L_00000000044869a0;  1 drivers
v00000000043ca900_0 .net *"_ivl_110", 6 0, L_0000000004486860;  1 drivers
v00000000043ca540_0 .net *"_ivl_112", 6 0, L_0000000004487260;  1 drivers
v00000000043ca9a0_0 .net *"_ivl_114", 6 0, L_0000000004486540;  1 drivers
v00000000043cb440_0 .net *"_ivl_116", 6 0, L_0000000004487300;  1 drivers
v00000000043cb760_0 .net *"_ivl_118", 6 0, L_00000000044871c0;  1 drivers
L_000000000443d528 .functor BUFT 1, C4<0010>, C4<0>, C4<0>, C4<0>;
v00000000043cb300_0 .net/2u *"_ivl_12", 3 0, L_000000000443d528;  1 drivers
v00000000043cb4e0_0 .net *"_ivl_120", 6 0, L_00000000044855a0;  1 drivers
v00000000043cb580_0 .net *"_ivl_122", 6 0, L_0000000004486900;  1 drivers
v00000000043cb620_0 .net *"_ivl_124", 6 0, L_0000000004485820;  1 drivers
v00000000043cb6c0_0 .net *"_ivl_126", 6 0, L_0000000004485c80;  1 drivers
v00000000043cb800_0 .net *"_ivl_14", 0 0, L_00000000044860e0;  1 drivers
L_000000000443d570 .functor BUFT 1, C4<0100100>, C4<0>, C4<0>, C4<0>;
v000000000443c570_0 .net/2u *"_ivl_16", 6 0, L_000000000443d570;  1 drivers
L_000000000443d5b8 .functor BUFT 1, C4<0011>, C4<0>, C4<0>, C4<0>;
v000000000443ca70_0 .net/2u *"_ivl_18", 3 0, L_000000000443d5b8;  1 drivers
v000000000443c6b0_0 .net *"_ivl_2", 0 0, L_0000000004486400;  1 drivers
v000000000443b990_0 .net *"_ivl_20", 0 0, L_0000000004485960;  1 drivers
L_000000000443d600 .functor BUFT 1, C4<0110000>, C4<0>, C4<0>, C4<0>;
v000000000443b490_0 .net/2u *"_ivl_22", 6 0, L_000000000443d600;  1 drivers
L_000000000443d648 .functor BUFT 1, C4<0100>, C4<0>, C4<0>, C4<0>;
v000000000443c750_0 .net/2u *"_ivl_24", 3 0, L_000000000443d648;  1 drivers
v000000000443c7f0_0 .net *"_ivl_26", 0 0, L_0000000004485640;  1 drivers
L_000000000443d690 .functor BUFT 1, C4<0011001>, C4<0>, C4<0>, C4<0>;
v000000000443c890_0 .net/2u *"_ivl_28", 6 0, L_000000000443d690;  1 drivers
L_000000000443d6d8 .functor BUFT 1, C4<0101>, C4<0>, C4<0>, C4<0>;
v000000000443c9d0_0 .net/2u *"_ivl_30", 3 0, L_000000000443d6d8;  1 drivers
v000000000443c610_0 .net *"_ivl_32", 0 0, L_00000000044865e0;  1 drivers
L_000000000443d720 .functor BUFT 1, C4<0010010>, C4<0>, C4<0>, C4<0>;
v000000000443b530_0 .net/2u *"_ivl_34", 6 0, L_000000000443d720;  1 drivers
L_000000000443d768 .functor BUFT 1, C4<0110>, C4<0>, C4<0>, C4<0>;
v000000000443b670_0 .net/2u *"_ivl_36", 3 0, L_000000000443d768;  1 drivers
v000000000443ce30_0 .net *"_ivl_38", 0 0, L_0000000004485dc0;  1 drivers
L_000000000443d450 .functor BUFT 1, C4<1000000>, C4<0>, C4<0>, C4<0>;
v000000000443b710_0 .net/2u *"_ivl_4", 6 0, L_000000000443d450;  1 drivers
L_000000000443d7b0 .functor BUFT 1, C4<0000010>, C4<0>, C4<0>, C4<0>;
v000000000443ccf0_0 .net/2u *"_ivl_40", 6 0, L_000000000443d7b0;  1 drivers
L_000000000443d7f8 .functor BUFT 1, C4<0111>, C4<0>, C4<0>, C4<0>;
v000000000443b3f0_0 .net/2u *"_ivl_42", 3 0, L_000000000443d7f8;  1 drivers
v000000000443b7b0_0 .net *"_ivl_44", 0 0, L_00000000044858c0;  1 drivers
L_000000000443d840 .functor BUFT 1, C4<1111000>, C4<0>, C4<0>, C4<0>;
v000000000443bcb0_0 .net/2u *"_ivl_46", 6 0, L_000000000443d840;  1 drivers
L_000000000443d888 .functor BUFT 1, C4<1000>, C4<0>, C4<0>, C4<0>;
v000000000443ced0_0 .net/2u *"_ivl_48", 3 0, L_000000000443d888;  1 drivers
v000000000443b850_0 .net *"_ivl_50", 0 0, L_00000000044862c0;  1 drivers
L_000000000443d8d0 .functor BUFT 1, C4<0000000>, C4<0>, C4<0>, C4<0>;
v000000000443b350_0 .net/2u *"_ivl_52", 6 0, L_000000000443d8d0;  1 drivers
L_000000000443d918 .functor BUFT 1, C4<1001>, C4<0>, C4<0>, C4<0>;
v000000000443bfd0_0 .net/2u *"_ivl_54", 3 0, L_000000000443d918;  1 drivers
v000000000443bad0_0 .net *"_ivl_56", 0 0, L_00000000044856e0;  1 drivers
L_000000000443d960 .functor BUFT 1, C4<0010000>, C4<0>, C4<0>, C4<0>;
v000000000443cb10_0 .net/2u *"_ivl_58", 6 0, L_000000000443d960;  1 drivers
L_000000000443d498 .functor BUFT 1, C4<0001>, C4<0>, C4<0>, C4<0>;
v000000000443b170_0 .net/2u *"_ivl_6", 3 0, L_000000000443d498;  1 drivers
L_000000000443d9a8 .functor BUFT 1, C4<1010>, C4<0>, C4<0>, C4<0>;
v000000000443c070_0 .net/2u *"_ivl_60", 3 0, L_000000000443d9a8;  1 drivers
v000000000443bd50_0 .net *"_ivl_62", 0 0, L_0000000004485aa0;  1 drivers
L_000000000443d9f0 .functor BUFT 1, C4<0001000>, C4<0>, C4<0>, C4<0>;
v000000000443c930_0 .net/2u *"_ivl_64", 6 0, L_000000000443d9f0;  1 drivers
L_000000000443da38 .functor BUFT 1, C4<1011>, C4<0>, C4<0>, C4<0>;
v000000000443b8f0_0 .net/2u *"_ivl_66", 3 0, L_000000000443da38;  1 drivers
v000000000443b5d0_0 .net *"_ivl_68", 0 0, L_0000000004485b40;  1 drivers
L_000000000443da80 .functor BUFT 1, C4<0000011>, C4<0>, C4<0>, C4<0>;
v000000000443be90_0 .net/2u *"_ivl_70", 6 0, L_000000000443da80;  1 drivers
L_000000000443dac8 .functor BUFT 1, C4<1100>, C4<0>, C4<0>, C4<0>;
v000000000443c2f0_0 .net/2u *"_ivl_72", 3 0, L_000000000443dac8;  1 drivers
v000000000443ba30_0 .net *"_ivl_74", 0 0, L_0000000004485be0;  1 drivers
L_000000000443db10 .functor BUFT 1, C4<1000110>, C4<0>, C4<0>, C4<0>;
v000000000443bf30_0 .net/2u *"_ivl_76", 6 0, L_000000000443db10;  1 drivers
L_000000000443db58 .functor BUFT 1, C4<1101>, C4<0>, C4<0>, C4<0>;
v000000000443cbb0_0 .net/2u *"_ivl_78", 3 0, L_000000000443db58;  1 drivers
v000000000443c110_0 .net *"_ivl_8", 0 0, L_0000000004485500;  1 drivers
v000000000443bb70_0 .net *"_ivl_80", 0 0, L_0000000004485a00;  1 drivers
L_000000000443dba0 .functor BUFT 1, C4<0100001>, C4<0>, C4<0>, C4<0>;
v000000000443b0d0_0 .net/2u *"_ivl_82", 6 0, L_000000000443dba0;  1 drivers
L_000000000443dbe8 .functor BUFT 1, C4<1110>, C4<0>, C4<0>, C4<0>;
v000000000443bc10_0 .net/2u *"_ivl_84", 3 0, L_000000000443dbe8;  1 drivers
v000000000443c1b0_0 .net *"_ivl_86", 0 0, L_0000000004486720;  1 drivers
L_000000000443dc30 .functor BUFT 1, C4<0000110>, C4<0>, C4<0>, C4<0>;
v000000000443b210_0 .net/2u *"_ivl_88", 6 0, L_000000000443dc30;  1 drivers
L_000000000443dc78 .functor BUFT 1, C4<1111>, C4<0>, C4<0>, C4<0>;
v000000000443cc50_0 .net/2u *"_ivl_90", 3 0, L_000000000443dc78;  1 drivers
v000000000443bdf0_0 .net *"_ivl_92", 0 0, L_0000000004485780;  1 drivers
L_000000000443dcc0 .functor BUFT 1, C4<0001110>, C4<0>, C4<0>, C4<0>;
v000000000443c250_0 .net/2u *"_ivl_94", 6 0, L_000000000443dcc0;  1 drivers
L_000000000443dd08 .functor BUFT 1, C4<1111111>, C4<0>, C4<0>, C4<0>;
v000000000443c390_0 .net/2u *"_ivl_96", 6 0, L_000000000443dd08;  1 drivers
v000000000443c430_0 .net *"_ivl_98", 6 0, L_0000000004486ea0;  1 drivers
v000000000443cd90_0 .net "binary_input", 3 0, v000000000443b030_0;  1 drivers
v000000000443c4d0_0 .net "hex_output", 6 0, L_0000000004485d20;  alias, 1 drivers
L_0000000004486400 .cmp/eq 4, v000000000443b030_0, L_000000000443d408;
L_0000000004485500 .cmp/eq 4, v000000000443b030_0, L_000000000443d498;
L_00000000044860e0 .cmp/eq 4, v000000000443b030_0, L_000000000443d528;
L_0000000004485960 .cmp/eq 4, v000000000443b030_0, L_000000000443d5b8;
L_0000000004485640 .cmp/eq 4, v000000000443b030_0, L_000000000443d648;
L_00000000044865e0 .cmp/eq 4, v000000000443b030_0, L_000000000443d6d8;
L_0000000004485dc0 .cmp/eq 4, v000000000443b030_0, L_000000000443d768;
L_00000000044858c0 .cmp/eq 4, v000000000443b030_0, L_000000000443d7f8;
L_00000000044862c0 .cmp/eq 4, v000000000443b030_0, L_000000000443d888;
L_00000000044856e0 .cmp/eq 4, v000000000443b030_0, L_000000000443d918;
L_0000000004485aa0 .cmp/eq 4, v000000000443b030_0, L_000000000443d9a8;
L_0000000004485b40 .cmp/eq 4, v000000000443b030_0, L_000000000443da38;
L_0000000004485be0 .cmp/eq 4, v000000000443b030_0, L_000000000443dac8;
L_0000000004485a00 .cmp/eq 4, v000000000443b030_0, L_000000000443db58;
L_0000000004486720 .cmp/eq 4, v000000000443b030_0, L_000000000443dbe8;
L_0000000004485780 .cmp/eq 4, v000000000443b030_0, L_000000000443dc78;
L_0000000004486ea0 .functor MUXZ 7, L_000000000443dd08, L_000000000443dcc0, L_0000000004485780, C4<>;
L_0000000004485460 .functor MUXZ 7, L_0000000004486ea0, L_000000000443dc30, L_0000000004486720, C4<>;
L_00000000044864a0 .functor MUXZ 7, L_0000000004485460, L_000000000443dba0, L_0000000004485a00, C4<>;
L_0000000004486680 .functor MUXZ 7, L_00000000044864a0, L_000000000443db10, L_0000000004485be0, C4<>;
L_0000000004486180 .functor MUXZ 7, L_0000000004486680, L_000000000443da80, L_0000000004485b40, C4<>;
L_00000000044869a0 .functor MUXZ 7, L_0000000004486180, L_000000000443d9f0, L_0000000004485aa0, C4<>;
L_0000000004486860 .functor MUXZ 7, L_00000000044869a0, L_000000000443d960, L_00000000044856e0, C4<>;
L_0000000004487260 .functor MUXZ 7, L_0000000004486860, L_000000000443d8d0, L_00000000044862c0, C4<>;
L_0000000004486540 .functor MUXZ 7, L_0000000004487260, L_000000000443d840, L_00000000044858c0, C4<>;
L_0000000004487300 .functor MUXZ 7, L_0000000004486540, L_000000000443d7b0, L_0000000004485dc0, C4<>;
L_00000000044871c0 .functor MUXZ 7, L_0000000004487300, L_000000000443d720, L_00000000044865e0, C4<>;
L_00000000044855a0 .functor MUXZ 7, L_00000000044871c0, L_000000000443d690, L_0000000004485640, C4<>;
L_0000000004486900 .functor MUXZ 7, L_00000000044855a0, L_000000000443d600, L_0000000004485960, C4<>;
L_0000000004485820 .functor MUXZ 7, L_0000000004486900, L_000000000443d570, L_00000000044860e0, C4<>;
L_0000000004485c80 .functor MUXZ 7, L_0000000004485820, L_000000000443d4e0, L_0000000004485500, C4<>;
L_0000000004485d20 .functor MUXZ 7, L_0000000004485c80, L_000000000443d450, L_0000000004486400, C4<>;
    .scope S_00000000043e69a0;
T_0 ;
    %vpi_call/w 3 14 "$dumpfile", "tb_bin_to_hexa.vcd" {0 0 0};
    %vpi_call/w 3 15 "$dumpvars", 32'sb00000000000000000000000000000000, S_00000000043e69a0 {0 0 0};
    %vpi_call/w 3 17 "$display", "==============================================" {0 0 0};
    %vpi_call/w 3 18 "$display", "Inicio testbench module_bin_to_hexa" {0 0 0};
    %vpi_call/w 3 19 "$display", "==============================================" {0 0 0};
    %pushi/vec4 0, 0, 4;
    %store/vec4 v000000000443b030_0, 0, 4;
    %delay 10000, 0;
    %vpi_call/w 3 22 "$display", "in=%b out=%b", v000000000443b030_0, v000000000443b2b0_0 {0 0 0};
    %pushi/vec4 1, 0, 4;
    %store/vec4 v000000000443b030_0, 0, 4;
    %delay 10000, 0;
    %vpi_call/w 3 25 "$display", "in=%b out=%b", v000000000443b030_0, v000000000443b2b0_0 {0 0 0};
    %pushi/vec4 2, 0, 4;
    %store/vec4 v000000000443b030_0, 0, 4;
    %delay 10000, 0;
    %vpi_call/w 3 28 "$display", "in=%b out=%b", v000000000443b030_0, v000000000443b2b0_0 {0 0 0};
    %pushi/vec4 3, 0, 4;
    %store/vec4 v000000000443b030_0, 0, 4;
    %delay 10000, 0;
    %vpi_call/w 3 31 "$display", "in=%b out=%b", v000000000443b030_0, v000000000443b2b0_0 {0 0 0};
    %pushi/vec4 4, 0, 4;
    %store/vec4 v000000000443b030_0, 0, 4;
    %delay 10000, 0;
    %vpi_call/w 3 34 "$display", "in=%b out=%b", v000000000443b030_0, v000000000443b2b0_0 {0 0 0};
    %pushi/vec4 5, 0, 4;
    %store/vec4 v000000000443b030_0, 0, 4;
    %delay 10000, 0;
    %vpi_call/w 3 37 "$display", "in=%b out=%b", v000000000443b030_0, v000000000443b2b0_0 {0 0 0};
    %pushi/vec4 6, 0, 4;
    %store/vec4 v000000000443b030_0, 0, 4;
    %delay 10000, 0;
    %vpi_call/w 3 40 "$display", "in=%b out=%b", v000000000443b030_0, v000000000443b2b0_0 {0 0 0};
    %pushi/vec4 7, 0, 4;
    %store/vec4 v000000000443b030_0, 0, 4;
    %delay 10000, 0;
    %vpi_call/w 3 43 "$display", "in=%b out=%b", v000000000443b030_0, v000000000443b2b0_0 {0 0 0};
    %pushi/vec4 8, 0, 4;
    %store/vec4 v000000000443b030_0, 0, 4;
    %delay 10000, 0;
    %vpi_call/w 3 46 "$display", "in=%b out=%b", v000000000443b030_0, v000000000443b2b0_0 {0 0 0};
    %pushi/vec4 9, 0, 4;
    %store/vec4 v000000000443b030_0, 0, 4;
    %delay 10000, 0;
    %vpi_call/w 3 49 "$display", "in=%b out=%b", v000000000443b030_0, v000000000443b2b0_0 {0 0 0};
    %pushi/vec4 10, 0, 4;
    %store/vec4 v000000000443b030_0, 0, 4;
    %delay 10000, 0;
    %vpi_call/w 3 52 "$display", "in=%b out=%b", v000000000443b030_0, v000000000443b2b0_0 {0 0 0};
    %pushi/vec4 11, 0, 4;
    %store/vec4 v000000000443b030_0, 0, 4;
    %delay 10000, 0;
    %vpi_call/w 3 55 "$display", "in=%b out=%b", v000000000443b030_0, v000000000443b2b0_0 {0 0 0};
    %pushi/vec4 12, 0, 4;
    %store/vec4 v000000000443b030_0, 0, 4;
    %delay 10000, 0;
    %vpi_call/w 3 58 "$display", "in=%b out=%b", v000000000443b030_0, v000000000443b2b0_0 {0 0 0};
    %pushi/vec4 13, 0, 4;
    %store/vec4 v000000000443b030_0, 0, 4;
    %delay 10000, 0;
    %vpi_call/w 3 61 "$display", "in=%b out=%b", v000000000443b030_0, v000000000443b2b0_0 {0 0 0};
    %pushi/vec4 14, 0, 4;
    %store/vec4 v000000000443b030_0, 0, 4;
    %delay 10000, 0;
    %vpi_call/w 3 64 "$display", "in=%b out=%b", v000000000443b030_0, v000000000443b2b0_0 {0 0 0};
    %pushi/vec4 15, 0, 4;
    %store/vec4 v000000000443b030_0, 0, 4;
    %delay 10000, 0;
    %vpi_call/w 3 67 "$display", "in=%b out=%b", v000000000443b030_0, v000000000443b2b0_0 {0 0 0};
    %vpi_call/w 3 69 "$display", "==============================================" {0 0 0};
    %vpi_call/w 3 70 "$display", "Fin testbench module_bin_to_hexa" {0 0 0};
    %vpi_call/w 3 71 "$display", "==============================================" {0 0 0};
    %vpi_call/w 3 73 "$finish" {0 0 0};
    %end;
    .thread T_0;
# The file index is used to find the file name in the following table.
:file_names 5;
    "N/A";
    "<interactive>";
    "-";
    "src/sim/tb_bin_to_hexa.sv";
    "src/design/module_bin_to_hexa.sv";
