#! 
:ivl_version "13.0 (devel)" "(s20221226-103-g418bbc14b)";
:ivl_delay_selection "TYPICAL";
:vpi_time_precision - 12;
:vpi_module "c:\Users\MARIAN~1\Desktop\TEC\1S2026\LOGICO\PROYEC~1\OSS-CA~1\lib\ivl\system.vpi";
:vpi_module "c:\Users\MARIAN~1\Desktop\TEC\1S2026\LOGICO\PROYEC~1\OSS-CA~1\lib\ivl\vhdl_sys.vpi";
:vpi_module "c:\Users\MARIAN~1\Desktop\TEC\1S2026\LOGICO\PROYEC~1\OSS-CA~1\lib\ivl\vhdl_textio.vpi";
:vpi_module "c:\Users\MARIAN~1\Desktop\TEC\1S2026\LOGICO\PROYEC~1\OSS-CA~1\lib\ivl\v2005_math.vpi";
:vpi_module "c:\Users\MARIAN~1\Desktop\TEC\1S2026\LOGICO\PROYEC~1\OSS-CA~1\lib\ivl\va_math.vpi";
:vpi_module "c:\Users\MARIAN~1\Desktop\TEC\1S2026\LOGICO\PROYEC~1\OSS-CA~1\lib\ivl\v2009.vpi";
S_00000000045dafa0 .scope package, "$unit" "$unit" 2 1;
 .timescale 0 0;
S_00000000045ddc30 .scope module, "tb_error_injection" "tb_error_injection" 3 3;
 .timescale -9 -12;
v00000000044d5060_0 .var "encoded_word", 6 0;
v00000000044d4e80_0 .net "error_injected_word", 6 0, v00000000044d4b60_0;  1 drivers
v00000000044d4ac0_0 .var "error_position", 2 0;
S_00000000045dddc0 .scope module, "dut" "module_error_injection" 3 9, 4 1 0, S_00000000045ddc30;
 .timescale 0 0;
    .port_info 0 /INPUT 7 "encoded_word";
    .port_info 1 /INPUT 3 "error_position";
    .port_info 2 /OUTPUT 7 "error_injected_word";
v00000000044d5420_0 .net "encoded_word", 6 0, v00000000044d5060_0;  1 drivers
v00000000044d4b60_0 .var "error_injected_word", 6 0;
v00000000044d51a0_0 .net "error_position", 2 0, v00000000044d4ac0_0;  1 drivers
E_00000000045da0f0 .event anyedge, v00000000044d5420_0, v00000000044d51a0_0;
    .scope S_00000000045dddc0;
T_0 ;
    %wait E_00000000045da0f0;
    %load/vec4 v00000000044d5420_0;
    %store/vec4 v00000000044d4b60_0, 0, 7;
    %load/vec4 v00000000044d51a0_0;
    %dup/vec4;
    %pushi/vec4 0, 0, 3;
    %cmp/u;
    %jmp/1 T_0.0, 6;
    %dup/vec4;
    %pushi/vec4 1, 0, 3;
    %cmp/u;
    %jmp/1 T_0.1, 6;
    %dup/vec4;
    %pushi/vec4 2, 0, 3;
    %cmp/u;
    %jmp/1 T_0.2, 6;
    %dup/vec4;
    %pushi/vec4 3, 0, 3;
    %cmp/u;
    %jmp/1 T_0.3, 6;
    %dup/vec4;
    %pushi/vec4 4, 0, 3;
    %cmp/u;
    %jmp/1 T_0.4, 6;
    %dup/vec4;
    %pushi/vec4 5, 0, 3;
    %cmp/u;
    %jmp/1 T_0.5, 6;
    %dup/vec4;
    %pushi/vec4 6, 0, 3;
    %cmp/u;
    %jmp/1 T_0.6, 6;
    %dup/vec4;
    %pushi/vec4 7, 0, 3;
    %cmp/u;
    %jmp/1 T_0.7, 6;
    %jmp T_0.8;
T_0.0 ;
    %load/vec4 v00000000044d5420_0;
    %store/vec4 v00000000044d4b60_0, 0, 7;
    %jmp T_0.8;
T_0.1 ;
    %load/vec4 v00000000044d5420_0;
    %parti/s 1, 0, 2;
    %inv;
    %ix/load 4, 0, 0;
    %flag_set/imm 4, 0;
    %store/vec4 v00000000044d4b60_0, 4, 1;
    %jmp T_0.8;
T_0.2 ;
    %load/vec4 v00000000044d5420_0;
    %parti/s 1, 1, 2;
    %inv;
    %ix/load 4, 1, 0;
    %flag_set/imm 4, 0;
    %store/vec4 v00000000044d4b60_0, 4, 1;
    %jmp T_0.8;
T_0.3 ;
    %load/vec4 v00000000044d5420_0;
    %parti/s 1, 2, 3;
    %inv;
    %ix/load 4, 2, 0;
    %flag_set/imm 4, 0;
    %store/vec4 v00000000044d4b60_0, 4, 1;
    %jmp T_0.8;
T_0.4 ;
    %load/vec4 v00000000044d5420_0;
    %parti/s 1, 3, 3;
    %inv;
    %ix/load 4, 3, 0;
    %flag_set/imm 4, 0;
    %store/vec4 v00000000044d4b60_0, 4, 1;
    %jmp T_0.8;
T_0.5 ;
    %load/vec4 v00000000044d5420_0;
    %parti/s 1, 4, 4;
    %inv;
    %ix/load 4, 4, 0;
    %flag_set/imm 4, 0;
    %store/vec4 v00000000044d4b60_0, 4, 1;
    %jmp T_0.8;
T_0.6 ;
    %load/vec4 v00000000044d5420_0;
    %parti/s 1, 5, 4;
    %inv;
    %ix/load 4, 5, 0;
    %flag_set/imm 4, 0;
    %store/vec4 v00000000044d4b60_0, 4, 1;
    %jmp T_0.8;
T_0.7 ;
    %load/vec4 v00000000044d5420_0;
    %parti/s 1, 6, 4;
    %inv;
    %ix/load 4, 6, 0;
    %flag_set/imm 4, 0;
    %store/vec4 v00000000044d4b60_0, 4, 1;
    %jmp T_0.8;
T_0.8 ;
    %pop/vec4 1;
    %jmp T_0;
    .thread T_0, $push;
    .scope S_00000000045ddc30;
T_1 ;
    %vpi_call/w 3 16 "$dumpfile", "tb_error_injection.vcd" {0 0 0};
    %vpi_call/w 3 17 "$dumpvars", 32'sb00000000000000000000000000000000, S_00000000045ddc30 {0 0 0};
    %vpi_call/w 3 19 "$display", "==============================================" {0 0 0};
    %vpi_call/w 3 20 "$display", "Inicio testbench module_error_injection" {0 0 0};
    %vpi_call/w 3 21 "$display", "==============================================" {0 0 0};
    %pushi/vec4 51, 0, 7;
    %store/vec4 v00000000044d5060_0, 0, 7;
    %pushi/vec4 0, 0, 3;
    %store/vec4 v00000000044d4ac0_0, 0, 3;
    %delay 10000, 0;
    %vpi_call/w 3 28 "$display", "pos=%b in=%b out=%b", v00000000044d4ac0_0, v00000000044d5060_0, v00000000044d4e80_0 {0 0 0};
    %pushi/vec4 1, 0, 3;
    %store/vec4 v00000000044d4ac0_0, 0, 3;
    %delay 10000, 0;
    %vpi_call/w 3 32 "$display", "pos=%b in=%b out=%b", v00000000044d4ac0_0, v00000000044d5060_0, v00000000044d4e80_0 {0 0 0};
    %pushi/vec4 2, 0, 3;
    %store/vec4 v00000000044d4ac0_0, 0, 3;
    %delay 10000, 0;
    %vpi_call/w 3 36 "$display", "pos=%b in=%b out=%b", v00000000044d4ac0_0, v00000000044d5060_0, v00000000044d4e80_0 {0 0 0};
    %pushi/vec4 3, 0, 3;
    %store/vec4 v00000000044d4ac0_0, 0, 3;
    %delay 10000, 0;
    %vpi_call/w 3 40 "$display", "pos=%b in=%b out=%b", v00000000044d4ac0_0, v00000000044d5060_0, v00000000044d4e80_0 {0 0 0};
    %pushi/vec4 4, 0, 3;
    %store/vec4 v00000000044d4ac0_0, 0, 3;
    %delay 10000, 0;
    %vpi_call/w 3 44 "$display", "pos=%b in=%b out=%b", v00000000044d4ac0_0, v00000000044d5060_0, v00000000044d4e80_0 {0 0 0};
    %pushi/vec4 5, 0, 3;
    %store/vec4 v00000000044d4ac0_0, 0, 3;
    %delay 10000, 0;
    %vpi_call/w 3 48 "$display", "pos=%b in=%b out=%b", v00000000044d4ac0_0, v00000000044d5060_0, v00000000044d4e80_0 {0 0 0};
    %pushi/vec4 6, 0, 3;
    %store/vec4 v00000000044d4ac0_0, 0, 3;
    %delay 10000, 0;
    %vpi_call/w 3 52 "$display", "pos=%b in=%b out=%b", v00000000044d4ac0_0, v00000000044d5060_0, v00000000044d4e80_0 {0 0 0};
    %pushi/vec4 7, 0, 3;
    %store/vec4 v00000000044d4ac0_0, 0, 3;
    %delay 10000, 0;
    %vpi_call/w 3 56 "$display", "pos=%b in=%b out=%b", v00000000044d4ac0_0, v00000000044d5060_0, v00000000044d4e80_0 {0 0 0};
    %vpi_call/w 3 58 "$display", "==============================================" {0 0 0};
    %vpi_call/w 3 59 "$display", "Fin testbench module_error_injection" {0 0 0};
    %vpi_call/w 3 60 "$display", "==============================================" {0 0 0};
    %vpi_call/w 3 62 "$finish" {0 0 0};
    %end;
    .thread T_1;
# The file index is used to find the file name in the following table.
:file_names 5;
    "N/A";
    "<interactive>";
    "-";
    "src/sim/tb_error_injection.sv";
    "src/design/module_error_injection.sv";
